<?xml version="1.0" encoding="UTF-8"?>
<testsuites name="Mocha Tests" time="0.562" tests="449" failures="0">
  <testsuite name="Root Suite" timestamp="2026-04-25T15:48:38" tests="0" time="0.000" failures="0">
  </testsuite>
  <testsuite name="activityUtils getActivityCategory" timestamp="2026-04-25T15:48:38" tests="10" file="/Users/hirokimukai/Cloudprojects/jules-extension/out/test/activityUtils.unit.test.js" time="0.003" failures="0">
    <testcase name="activityUtils getActivityCategory sessionFailed -&gt; Errors (highest priority)" time="0.000" classname="sessionFailed -&gt; Errors (highest priority)">
    </testcase>
    <testcase name="activityUtils getActivityCategory planGenerated -&gt; Plan" time="0.000" classname="planGenerated -&gt; Plan">
    </testcase>
    <testcase name="activityUtils getActivityCategory planApproved -&gt; Plan" time="0.000" classname="planApproved -&gt; Plan">
    </testcase>
    <testcase name="activityUtils getActivityCategory progressUpdated -&gt; Progress" time="0.000" classname="progressUpdated -&gt; Progress">
    </testcase>
    <testcase name="activityUtils getActivityCategory sessionCompleted -&gt; Progress" time="0.000" classname="sessionCompleted -&gt; Progress">
    </testcase>
    <testcase name="activityUtils getActivityCategory agentMessaged -&gt; Messages" time="0.000" classname="agentMessaged -&gt; Messages">
    </testcase>
    <testcase name="activityUtils getActivityCategory userMessaged -&gt; Messages" time="0.000" classname="userMessaged -&gt; Messages">
    </testcase>
    <testcase name="activityUtils getActivityCategory artifacts with changeSet -&gt; Artifacts" time="0.000" classname="artifacts with changeSet -&gt; Artifacts">
    </testcase>
    <testcase name="activityUtils getActivityCategory artifacts with bashOutput -&gt; Artifacts" time="0.000" classname="artifacts with bashOutput -&gt; Artifacts">
    </testcase>
    <testcase name="activityUtils getActivityCategory empty activity -&gt; Messages fallback" time="0.000" classname="empty activity -&gt; Messages fallback">
    </testcase>
  </testsuite>
  <testsuite name="activityUtils getActivityLabelPrefix" timestamp="2026-04-25T15:48:38" tests="2" file="/Users/hirokimukai/Cloudprojects/jules-extension/out/test/activityUtils.unit.test.js" time="0.000" failures="0">
    <testcase name="activityUtils getActivityLabelPrefix planGenerated has Plan prefix" time="0.000" classname="planGenerated has Plan prefix">
    </testcase>
    <testcase name="activityUtils getActivityLabelPrefix sessionFailed has FAILED prefix" time="0.000" classname="sessionFailed has FAILED prefix">
    </testcase>
  </testsuite>
  <testsuite name="activityUtils getActivitySummaryText" timestamp="2026-04-25T15:48:38" tests="4" file="/Users/hirokimukai/Cloudprojects/jules-extension/out/test/activityUtils.unit.test.js" time="0.000" failures="0">
    <testcase name="activityUtils getActivitySummaryText uses progress title first" time="0.000" classname="uses progress title first">
    </testcase>
    <testcase name="activityUtils getActivitySummaryText sessionFailed with reason" time="0.000" classname="sessionFailed with reason">
    </testcase>
    <testcase name="activityUtils getActivitySummaryText sessionFailed with empty reason" time="0.000" classname="sessionFailed with empty reason">
    </testcase>
    <testcase name="activityUtils getActivitySummaryText sessionFailed with whitespace-only reason" time="0.000" classname="sessionFailed with whitespace-only reason">
    </testcase>
  </testsuite>
  <testsuite name="applyPatchLocallyForSession ユニットテスト" timestamp="2026-04-25T15:48:38" tests="22" file="/Users/hirokimukai/Cloudprojects/jules-extension/out/test/applyPatchLocally.unit.test.js" time="0.020" failures="0">
    <testcase name="applyPatchLocallyForSession ユニットテスト ブランチ名衝突時にユニークなブランチ名で作成し、VS Code Git API の git path を使うこと" time="0.002" classname="ブランチ名衝突時にユニークなブランチ名で作成し、VS Code Git API の git path を使うこと">
    </testcase>
    <testcase name="applyPatchLocallyForSession ユニットテスト baseCommitId が解決できない場合は startingBranch へのフォールバック確認を使うこと" time="0.001" classname="baseCommitId が解決できない場合は startingBranch へのフォールバック確認を使うこと">
    </testcase>
    <testcase name="applyPatchLocallyForSession ユニットテスト baseCommitId が未指定の場合は未指定メッセージで startingBranch フォールバック確認を出すこと" time="0.000" classname="baseCommitId が未指定の場合は未指定メッセージで startingBranch フォールバック確認を出すこと">
    </testcase>
    <testcase name="applyPatchLocallyForSession ユニットテスト startingBranch のローカル branch がない場合は origin の追跡 ref にフォールバックすること" time="0.001" classname="startingBranch のローカル branch がない場合は origin の追跡 ref にフォールバックすること">
    </testcase>
    <testcase name="applyPatchLocallyForSession ユニットテスト gitPatch または unidiffPatch が欠落している場合はエラーを表示して処理を止めること" time="0.000" classname="gitPatch または unidiffPatch が欠落している場合はエラーを表示して処理を止めること">
    </testcase>
    <testcase name="applyPatchLocallyForSession ユニットテスト git apply 失敗時は元ブランチへ戻し、保存済み patch パスをエラーに含めること" time="0.001" classname="git apply 失敗時は元ブランチへ戻し、保存済み patch パスをエラーに含めること">
    </testcase>
    <testcase name="applyPatchLocallyForSession ユニットテスト Git repository がない場合はエラーを表示して止めること" time="0.001" classname="Git repository がない場合はエラーを表示して止めること">
    </testcase>
    <testcase name="applyPatchLocallyForSession ユニットテスト repository 選択がキャンセルされた場合は処理を止めること" time="0.000" classname="repository 選択がキャンセルされた場合は処理を止めること">
    </testcase>
    <testcase name="applyPatchLocallyForSession ユニットテスト 未コミット変更チェックで進行不可の場合は処理を止めること" time="0.000" classname="未コミット変更チェックで進行不可の場合は処理を止めること">
    </testcase>
    <testcase name="applyPatchLocallyForSession ユニットテスト fetch が失敗した場合はエラーを表示して止めること" time="0.000" classname="fetch が失敗した場合はエラーを表示して止めること">
    </testcase>
    <testcase name="applyPatchLocallyForSession ユニットテスト fallback 確認でキャンセルされた場合は処理を止めること" time="0.000" classname="fallback 確認でキャンセルされた場合は処理を止めること">
    </testcase>
    <testcase name="applyPatchLocallyForSession ユニットテスト baseCommitId も startingBranch もない場合はエラーを表示すること" time="0.000" classname="baseCommitId も startingBranch もない場合はエラーを表示すること">
    </testcase>
    <testcase name="applyPatchLocallyForSession ユニットテスト baseCommitId 未指定かつ startingBranch もない場合は未指定エラーを表示すること" time="0.001" classname="baseCommitId 未指定かつ startingBranch もない場合は未指定エラーを表示すること">
    </testcase>
    <testcase name="applyPatchLocallyForSession ユニットテスト startingBranch が空白だけの場合はエラーを表示すること" time="0.000" classname="startingBranch が空白だけの場合はエラーを表示すること">
    </testcase>
    <testcase name="applyPatchLocallyForSession ユニットテスト createBranch が失敗した場合はエラーを表示すること" time="0.000" classname="createBranch が失敗した場合はエラーを表示すること">
    </testcase>
    <testcase name="applyPatchLocallyForSession ユニットテスト Git API に git.path がない場合は git コマンド名へフォールバックすること" time="0.000" classname="Git API に git.path がない場合は git コマンド名へフォールバックすること">
    </testcase>
    <testcase name="applyPatchLocallyForSession ユニットテスト getBranch が undefined を返す場合はそのブランチ名を使うこと" time="0.000" classname="getBranch が undefined を返す場合はそのブランチ名を使うこと">
    </testcase>
    <testcase name="applyPatchLocallyForSession ユニットテスト getBranch の構造化された not found コードをブランチ不在として扱うこと" time="0.000" classname="getBranch の構造化された not found コードをブランチ不在として扱うこと">
    </testcase>
    <testcase name="applyPatchLocallyForSession ユニットテスト getBranch の構造化 ENOENT はブランチ不在として扱わないこと" time="0.000" classname="getBranch の構造化 ENOENT はブランチ不在として扱わないこと">
    </testcase>
    <testcase name="applyPatchLocallyForSession ユニットテスト getBranch の日本語 not found メッセージをブランチ不在として扱うこと" time="0.001" classname="getBranch の日本語 not found メッセージをブランチ不在として扱うこと">
    </testcase>
    <testcase name="applyPatchLocallyForSession ユニットテスト getBranch が branch not found 以外のエラーを返す場合は全体エラーにすること" time="0.000" classname="getBranch が branch not found 以外のエラーを返す場合は全体エラーにすること">
    </testcase>
    <testcase name="applyPatchLocallyForSession ユニットテスト 利用可能なブランチ名が探索上限まで見つからない場合は全体エラーにすること" time="0.000" classname="利用可能なブランチ名が探索上限まで見つからない場合は全体エラーにすること">
    </testcase>
  </testsuite>
  <testsuite name="AsyncUtils Test Suite" timestamp="2026-04-25T15:48:38" tests="5" file="/Users/hirokimukai/Cloudprojects/jules-extension/out/test/asyncUtils.unit.test.js" time="0.035" failures="0">
    <testcase name="AsyncUtils Test Suite mapLimit processes all items and maintains order" time="0.001" classname="mapLimit processes all items and maintains order">
    </testcase>
    <testcase name="AsyncUtils Test Suite mapLimit respects concurrency limit" time="0.033" classname="mapLimit respects concurrency limit">
    </testcase>
    <testcase name="AsyncUtils Test Suite mapLimit propagates errors" time="0.000" classname="mapLimit propagates errors">
    </testcase>
    <testcase name="AsyncUtils Test Suite mapLimit handles empty array" time="0.000" classname="mapLimit handles empty array">
    </testcase>
    <testcase name="AsyncUtils Test Suite mapLimit throws if limit is less than 1" time="0.000" classname="mapLimit throws if limit is less than 1">
    </testcase>
  </testsuite>
  <testsuite name="branchUtils Unit Tests" timestamp="2026-04-25T15:48:38" tests="0" file="/Users/hirokimukai/Cloudprojects/jules-extension/out/test/branchUtils.unit.test.js" time="0.000" failures="0">
  </testsuite>
  <testsuite name="getCurrentBranch" timestamp="2026-04-25T15:48:38" tests="7" file="/Users/hirokimukai/Cloudprojects/jules-extension/out/test/branchUtils.unit.test.js" time="0.006" failures="0">
    <testcase name="branchUtils Unit Tests getCurrentBranch should return branch name when Git extension is available" time="0.000" classname="should return branch name when Git extension is available">
    </testcase>
    <testcase name="branchUtils Unit Tests getCurrentBranch should return null when Git extension is not available" time="0.000" classname="should return null when Git extension is not available">
    </testcase>
    <testcase name="branchUtils Unit Tests getCurrentBranch should return null when no repositories found" time="0.001" classname="should return null when no repositories found">
    </testcase>
    <testcase name="branchUtils Unit Tests getCurrentBranch should return null when HEAD is not available" time="0.000" classname="should return null when HEAD is not available">
    </testcase>
    <testcase name="branchUtils Unit Tests getCurrentBranch should use provided repository when given" time="0.000" classname="should use provided repository when given">
    </testcase>
    <testcase name="branchUtils Unit Tests getCurrentBranch should handle errors gracefully" time="0.000" classname="should handle errors gracefully">
    </testcase>
    <testcase name="branchUtils Unit Tests getCurrentBranch should select repository in single repository case" time="0.000" classname="should select repository in single repository case">
    </testcase>
  </testsuite>
  <testsuite name="getBranchesForSession" timestamp="2026-04-25T15:48:38" tests="7" file="/Users/hirokimukai/Cloudprojects/jules-extension/out/test/branchUtils.unit.test.js" time="0.010" failures="0">
    <testcase name="branchUtils Unit Tests getBranchesForSession should use cached branches when cache is valid" time="0.006" classname="should use cached branches when cache is valid">
    </testcase>
    <testcase name="branchUtils Unit Tests getBranchesForSession should fetch fresh branches when forceRefresh is true" time="0.001" classname="should fetch fresh branches when forceRefresh is true">
    </testcase>
    <testcase name="branchUtils Unit Tests getBranchesForSession should fall back to default branch when API fails" time="0.000" classname="should fall back to default branch when API fails">
    </testcase>
    <testcase name="branchUtils Unit Tests getBranchesForSession should add current branch to list if not in remote branches" time="0.000" classname="should add current branch to list if not in remote branches">
    </testcase>
    <testcase name="branchUtils Unit Tests getBranchesForSession should handle case when source has no name" time="0.000" classname="should handle case when source has no name">
    </testcase>
    <testcase name="branchUtils Unit Tests getBranchesForSession should update cache when data changes" time="0.000" classname="should update cache when data changes">
    </testcase>
    <testcase name="branchUtils Unit Tests getBranchesForSession should respect silent mode in single repository" time="0.001" classname="should respect silent mode in single repository">
    </testcase>
  </testsuite>
  <testsuite name="Cache Test Suite" timestamp="2026-04-25T15:48:38" tests="5" file="/Users/hirokimukai/Cloudprojects/jules-extension/out/test/cache.unit.test.js" time="0.000" failures="0">
    <testcase name="Cache Test Suite isCacheValid should return true for valid cache within TTL" time="0.000" classname="isCacheValid should return true for valid cache within TTL">
    </testcase>
    <testcase name="Cache Test Suite isCacheValid should return false for expired cache" time="0.000" classname="isCacheValid should return false for expired cache">
    </testcase>
    <testcase name="Cache Test Suite isCacheValid should return false for cache exactly at TTL boundary" time="0.000" classname="isCacheValid should return false for cache exactly at TTL boundary">
    </testcase>
    <testcase name="Cache Test Suite isCacheValid should return false for cache just over TTL boundary" time="0.000" classname="isCacheValid should return false for cache just over TTL boundary">
    </testcase>
    <testcase name="Cache Test Suite isCacheValid should use default TTL when not provided" time="0.000" classname="isCacheValid should use default TTL when not provided">
    </testcase>
  </testsuite>
  <testsuite name="chatAssets unit tests" timestamp="2026-04-25T15:48:38" tests="7" file="/Users/hirokimukai/Cloudprojects/jules-extension/out/test/chatAssets.unit.test.js" time="0.001" failures="0">
    <testcase name="chatAssets unit tests CHAT_CSS should keep accessibility-focused selectors" time="0.001" classname="CHAT_CSS should keep accessibility-focused selectors">
    </testcase>
    <testcase name="chatAssets unit tests CHAT_CSS should target typing-dot delays for rendered structure" time="0.000" classname="CHAT_CSS should target typing-dot delays for rendered structure">
    </testcase>
    <testcase name="chatAssets unit tests CHAT_JS should include key webview message and copy handlers" time="0.000" classname="CHAT_JS should include key webview message and copy handlers">
    </testcase>
    <testcase name="chatAssets unit tests CHAT_CSS should include activity details layout styles" time="0.000" classname="CHAT_CSS should include activity details layout styles">
    </testcase>
    <testcase name="chatAssets unit tests CHAT_CSS should keep shiki theme variable selectors" time="0.000" classname="CHAT_CSS should keep shiki theme variable selectors">
    </testcase>
    <testcase name="chatAssets unit tests CHAT_CSS should keep session label truncation safeguards" time="0.000" classname="CHAT_CSS should keep session label truncation safeguards">
    </testcase>
    <testcase name="chatAssets unit tests CHAT_JS should reset copy button text after failure" time="0.000" classname="CHAT_JS should reset copy button text after failure">
    </testcase>
  </testsuite>
  <testsuite name="Chat View Unit Test Suite" timestamp="2026-04-25T15:48:38" tests="4" file="/Users/hirokimukai/Cloudprojects/jules-extension/out/test/chatView.unit.test.js" time="0.156" failures="0">
    <testcase name="Chat View Unit Test Suite buildChatMessagesFromActivities should include user/assistant messages and logs" time="0.003" classname="buildChatMessagesFromActivities should include user/assistant messages and logs">
    </testcase>
    <testcase name="Chat View Unit Test Suite renderChatMarkdown should render quote/list/code with copy button wrapper" time="0.044" classname="renderChatMarkdown should render quote/list/code with copy button wrapper">
    </testcase>
    <testcase name="Chat View Unit Test Suite isGeneratingSessionState should detect active generation states" time="0.000" classname="isGeneratingSessionState should detect active generation states">
    </testcase>
    <testcase name="Chat View Unit Test Suite getChatWebviewHtml should include typing indicator and send flow script" time="0.000" classname="getChatWebviewHtml should include typing indicator and send flow script">
    </testcase>
  </testsuite>
  <testsuite name="Composer Test Suite" timestamp="2026-04-25T15:48:38" tests="0" file="/Users/hirokimukai/Cloudprojects/jules-extension/out/test/composer.unit.test.js" time="0.000" failures="0">
  </testsuite>
  <testsuite name="showMessageComposer" timestamp="2026-04-25T15:48:38" tests="3" file="/Users/hirokimukai/Cloudprojects/jules-extension/out/test/composer.unit.test.js" time="0.001" failures="0">
    <testcase name="Composer Test Suite showMessageComposer should resolve submitted values and keep the first resolution" time="0.001" classname="should resolve submitted values and keep the first resolution">
    </testcase>
    <testcase name="Composer Test Suite showMessageComposer should resolve undefined on cancel" time="0.000" classname="should resolve undefined on cancel">
    </testcase>
    <testcase name="Composer Test Suite showMessageComposer should resolve undefined when the panel is disposed externally" time="0.000" classname="should resolve undefined when the panel is disposed externally">
    </testcase>
  </testsuite>
  <testsuite name="escapeHtml" timestamp="2026-04-25T15:48:38" tests="1" file="/Users/hirokimukai/Cloudprojects/jules-extension/out/test/composer.unit.test.js" time="0.000" failures="0">
    <testcase name="Composer Test Suite escapeHtml should escape essential HTML characters" time="0.000" classname="should escape essential HTML characters">
    </testcase>
  </testsuite>
  <testsuite name="escapeAttribute" timestamp="2026-04-25T15:48:38" tests="1" file="/Users/hirokimukai/Cloudprojects/jules-extension/out/test/composer.unit.test.js" time="0.001" failures="0">
    <testcase name="Composer Test Suite escapeAttribute should escape characters for HTML attributes" time="0.000" classname="should escape characters for HTML attributes">
    </testcase>
  </testsuite>
  <testsuite name="getComposerHtml" timestamp="2026-04-25T15:48:38" tests="38" file="/Users/hirokimukai/Cloudprojects/jules-extension/out/test/composer.unit.test.js" time="0.005" failures="0">
    <testcase name="Composer Test Suite getComposerHtml should embed and escape title, placeholder, and value" time="0.000" classname="should embed and escape title, placeholder, and value">
    </testcase>
    <testcase name="Composer Test Suite getComposerHtml should include accessibility attributes" time="0.000" classname="should include accessibility attributes">
    </testcase>
    <testcase name="Composer Test Suite getComposerHtml should use default aria-label when placeholder is empty" time="0.000" classname="should use default aria-label when placeholder is empty">
    </testcase>
    <testcase name="Composer Test Suite getComposerHtml should show create PR checkbox when option is true" time="0.000" classname="should show create PR checkbox when option is true">
    </testcase>
    <testcase name="Composer Test Suite getComposerHtml should not show create PR checkbox when option is false or undefined" time="0.000" classname="should not show create PR checkbox when option is false or undefined">
    </testcase>
    <testcase name="Composer Test Suite getComposerHtml should show require approval checkbox when option is true" time="0.000" classname="should show require approval checkbox when option is true">
    </testcase>
    <testcase name="Composer Test Suite getComposerHtml should not show require approval checkbox when option is false or undefined" time="0.000" classname="should not show require approval checkbox when option is false or undefined">
    </testcase>
    <testcase name="Composer Test Suite getComposerHtml should include checkbox styles" time="0.000" classname="should include checkbox styles">
    </testcase>
    <testcase name="Composer Test Suite getComposerHtml should include validation logic" time="0.000" classname="should include validation logic">
    </testcase>
    <testcase name="Composer Test Suite getComposerHtml should include validate function that checks trimmed textarea value" time="0.000" classname="should include validate function that checks trimmed textarea value">
    </testcase>
    <testcase name="Composer Test Suite getComposerHtml should call validate on initial load" time="0.000" classname="should call validate on initial load">
    </testcase>
    <testcase name="Composer Test Suite getComposerHtml should prevent submit when validation fails" time="0.000" classname="should prevent submit when validation fails">
    </testcase>
    <testcase name="Composer Test Suite getComposerHtml should call validate when Cmd/Ctrl+Enter is pressed" time="0.000" classname="should call validate when Cmd/Ctrl+Enter is pressed">
    </testcase>
    <testcase name="Composer Test Suite getComposerHtml should attach input listener to textarea for validation" time="0.000" classname="should attach input listener to textarea for validation">
    </testcase>
    <testcase name="Composer Test Suite getComposerHtml should reference submitButton element in script" time="0.000" classname="should reference submitButton element in script">
    </testcase>
    <testcase name="Composer Test Suite getComposerHtml should include disabled button styles" time="0.000" classname="should include disabled button styles">
    </testcase>
    <testcase name="Composer Test Suite getComposerHtml should include secondary button hover styles" time="0.000" classname="should include secondary button hover styles">
    </testcase>
    <testcase name="Composer Test Suite getComposerHtml validation logic should work with empty initial value" time="0.000" classname="validation logic should work with empty initial value">
    </testcase>
    <testcase name="Composer Test Suite getComposerHtml validation logic should work with whitespace-only initial value" time="0.000" classname="validation logic should work with whitespace-only initial value">
    </testcase>
    <testcase name="Composer Test Suite getComposerHtml validation logic should work with valid initial value" time="0.000" classname="validation logic should work with valid initial value">
    </testcase>
    <testcase name="Composer Test Suite getComposerHtml should not allow keyboard shortcut submission when validation fails" time="0.000" classname="should not allow keyboard shortcut submission when validation fails">
    </testcase>
    <testcase name="Composer Test Suite getComposerHtml should preserve Escape key handler for cancellation" time="0.000" classname="should preserve Escape key handler for cancellation">
    </testcase>
    <testcase name="Composer Test Suite getComposerHtml validation should work with checkboxes present" time="0.000" classname="validation should work with checkboxes present">
    </testcase>
    <testcase name="Composer Test Suite getComposerHtml should structure validation check before postMessage in submit function" time="0.000" classname="should structure validation check before postMessage in submit function">
    </testcase>
    <testcase name="Composer Test Suite getComposerHtml should include complete validation flow in correct order" time="0.000" classname="should include complete validation flow in correct order">
    </testcase>
    <testcase name="Composer Test Suite getComposerHtml should handle edge case of single space character" time="0.000" classname="should handle edge case of single space character">
    </testcase>
    <testcase name="Composer Test Suite getComposerHtml should handle edge case of tabs and newlines only" time="0.000" classname="should handle edge case of tabs and newlines only">
    </testcase>
    <testcase name="Composer Test Suite getComposerHtml should properly handle validation with special characters in value" time="0.000" classname="should properly handle validation with special characters in value">
    </testcase>
    <testcase name="Composer Test Suite getComposerHtml should include nonce in all script and style tags" time="0.000" classname="should include nonce in all script and style tags">
    </testcase>
    <testcase name="Composer Test Suite getComposerHtml should set submitButton disabled state based on validation result" time="0.000" classname="should set submitButton disabled state based on validation result">
    </testcase>
    <testcase name="Composer Test Suite getComposerHtml should prevent default on Cmd/Ctrl+Enter before validation" time="0.000" classname="should prevent default on Cmd/Ctrl+Enter before validation">
    </testcase>
    <testcase name="Composer Test Suite getComposerHtml should return validation result from validate function" time="0.000" classname="should return validation result from validate function">
    </testcase>
    <testcase name="Composer Test Suite getComposerHtml should use correct validation threshold of greater than 0" time="0.000" classname="should use correct validation threshold of greater than 0">
    </testcase>
    <testcase name="Composer Test Suite getComposerHtml should validate empty string value correctly" time="0.000" classname="should validate empty string value correctly">
    </testcase>
    <testcase name="Composer Test Suite getComposerHtml should have submitButton click listener use submit function" time="0.000" classname="should have submitButton click listener use submit function">
    </testcase>
    <testcase name="Composer Test Suite getComposerHtml validation should not interfere with cancel button functionality" time="0.000" classname="validation should not interfere with cancel button functionality">
    </testcase>
    <testcase name="Composer Test Suite getComposerHtml should show loading state on submit" time="0.000" classname="should show loading state on submit">
    </testcase>
    <testcase name="Composer Test Suite getComposerHtml should disable checkboxes in loading state when present" time="0.000" classname="should disable checkboxes in loading state when present">
    </testcase>
  </testsuite>
  <testsuite name="ErrorUtils Unit Test Suite" timestamp="2026-04-25T15:48:38" tests="7" file="/Users/hirokimukai/Cloudprojects/jules-extension/out/test/errorUtils.unit.test.js" time="0.003" failures="0">
    <testcase name="ErrorUtils Unit Test Suite sanitizeError handles standard Error objects" time="0.003" classname="sanitizeError handles standard Error objects">
    </testcase>
    <testcase name="ErrorUtils Unit Test Suite sanitizeError escapes newlines in error message" time="0.000" classname="sanitizeError escapes newlines in error message">
    </testcase>
    <testcase name="ErrorUtils Unit Test Suite sanitizeError preserves stack trace structure but sanitizes lines" time="0.000" classname="sanitizeError preserves stack trace structure but sanitizes lines">
    </testcase>
    <testcase name="ErrorUtils Unit Test Suite sanitizeError handles non-Error objects (string)" time="0.000" classname="sanitizeError handles non-Error objects (string)">
    </testcase>
    <testcase name="ErrorUtils Unit Test Suite sanitizeError handles non-Error objects (number)" time="0.000" classname="sanitizeError handles non-Error objects (number)">
    </testcase>
    <testcase name="ErrorUtils Unit Test Suite sanitizeError handles null/undefined" time="0.000" classname="sanitizeError handles null/undefined">
    </testcase>
    <testcase name="ErrorUtils Unit Test Suite sanitizeError truncates very long error messages" time="0.000" classname="sanitizeError truncates very long error messages">
    </testcase>
  </testsuite>
  <testsuite name="applyPatchLocally command ユニットテスト" timestamp="2026-04-25T15:48:38" tests="2" file="/Users/hirokimukai/Cloudprojects/jules-extension/out/test/extensionApplyPatchCommand.unit.test.js" time="0.004" failures="0">
    <testcase name="applyPatchLocally command ユニットテスト item がない場合は何もしないこと" time="0.001" classname="item がない場合は何もしないこと">
    </testcase>
    <testcase name="applyPatchLocally command ユニットテスト cached ChangeSet に patch がない場合は最新 artifacts を再取得してから適用すること" time="0.001" classname="cached ChangeSet に patch がない場合は最新 artifacts を再取得してから適用すること">
    </testcase>
  </testsuite>
  <testsuite name="Extension helper unit tests" timestamp="2026-04-25T15:48:38" tests="0" file="/Users/hirokimukai/Cloudprojects/jules-extension/out/test/extensionHelpers.unit.test.js" time="0.000" failures="0">
  </testsuite>
  <testsuite name="state and source helpers" timestamp="2026-04-25T15:48:38" tests="3" file="/Users/hirokimukai/Cloudprojects/jules-extension/out/test/extensionHelpers.unit.test.js" time="0.001" failures="0">
    <testcase name="Extension helper unit tests state and source helpers mapApiStateToSessionState should map known and unknown states" time="0.000" classname="mapApiStateToSessionState should map known and unknown states">
    </testcase>
    <testcase name="Extension helper unit tests state and source helpers source helpers should prefer githubRepo metadata and fall back safely" time="0.001" classname="source helpers should prefer githubRepo metadata and fall back safely">
    </testcase>
    <testcase name="Extension helper unit tests state and source helpers extractPRs should deduplicate PRs by URL and keep first-seen order" time="0.000" classname="extractPRs should deduplicate PRs by URL and keep first-seen order">
    </testcase>
  </testsuite>
  <testsuite name="comparison and activity helpers" timestamp="2026-04-25T15:48:38" tests="3" file="/Users/hirokimukai/Cloudprojects/jules-extension/out/test/extensionHelpers.unit.test.js" time="0.000" failures="0">
    <testcase name="Extension helper unit tests comparison and activity helpers session comparison helpers should detect equality and mismatches" time="0.000" classname="session comparison helpers should detect equality and mismatches">
    </testcase>
    <testcase name="Extension helper unit tests comparison and activity helpers activity helpers should merge by identity and pick the latest timestamp" time="0.000" classname="activity helpers should merge by identity and pick the latest timestamp">
    </testcase>
    <testcase name="Extension helper unit tests comparison and activity helpers endpoint builders should include pagination parameters" time="0.000" classname="endpoint builders should include pagination parameters">
    </testcase>
  </testsuite>
  <testsuite name="checkPRStatus" timestamp="2026-04-25T15:48:38" tests="4" file="/Users/hirokimukai/Cloudprojects/jules-extension/out/test/extensionHelpers.unit.test.js" time="0.004" failures="0">
    <testcase name="Extension helper unit tests checkPRStatus should use token if provided and check github status without token if undefined" time="0.001" classname="should use token if provided and check github status without token if undefined">
    </testcase>
    <testcase name="Extension helper unit tests checkPRStatus should handle 4xx/5xx API errors properly and cache as error" time="0.000" classname="should handle 4xx/5xx API errors properly and cache as error">
    </testcase>
    <testcase name="Extension helper unit tests checkPRStatus should return false for invalid GitHub PR URLs without fetching" time="0.000" classname="should return false for invalid GitHub PR URLs without fetching">
    </testcase>
    <testcase name="Extension helper unit tests checkPRStatus should handle fetch exceptions and cache as error" time="0.003" classname="should handle fetch exceptions and cache as error">
    </testcase>
  </testsuite>
  <testsuite name="updatePreviousStates" timestamp="2026-04-25T15:48:38" tests="5" file="/Users/hirokimukai/Cloudprojects/jules-extension/out/test/extensionHelpers.unit.test.js" time="0.003" failures="0">
    <testcase name="Extension helper unit tests updatePreviousStates deduplicates PR status checks for shared PR URLs" time="0.001" classname="deduplicates PR status checks for shared PR URLs">
    </testcase>
    <testcase name="Extension helper unit tests updatePreviousStates reuses cached session PRs and terminates sessions when all PRs are closed" time="0.000" classname="reuses cached session PRs and terminates sessions when all PRs are closed">
    </testcase>
    <testcase name="Extension helper unit tests updatePreviousStates skips token fetch when all PRs are freshly cached" time="0.001" classname="skips token fetch when all PRs are freshly cached">
    </testcase>
    <testcase name="Extension helper unit tests updatePreviousStates re-fetches error cached entries after PR_ERROR_CACHE_DURATION" time="0.001" classname="re-fetches error cached entries after PR_ERROR_CACHE_DURATION">
    </testcase>
    <testcase name="Extension helper unit tests updatePreviousStates does not terminate COMPLETED session with no PRs" time="0.000" classname="does not terminate COMPLETED session with no PRs">
    </testcase>
  </testsuite>
  <testsuite name="SessionTreeItem and openInWebApp" timestamp="2026-04-25T15:48:38" tests="2" file="/Users/hirokimukai/Cloudprojects/jules-extension/out/test/extensionHelpers.unit.test.js" time="0.001" failures="0">
    <testcase name="Extension helper unit tests SessionTreeItem and openInWebApp SessionTreeItem should expose artifacts, command, and tooltip metadata" time="0.001" classname="SessionTreeItem should expose artifacts, command, and tooltip metadata">
    </testcase>
    <testcase name="Extension helper unit tests SessionTreeItem and openInWebApp handleOpenInWebApp should open URLs and report missing selections" time="0.000" classname="handleOpenInWebApp should open URLs and report missing selections">
    </testcase>
  </testsuite>
  <testsuite name="createRemoteBranch" timestamp="2026-04-25T15:48:38" tests="2" file="/Users/hirokimukai/Cloudprojects/jules-extension/out/test/extensionHelpers.unit.test.js" time="0.001" failures="0">
    <testcase name="Extension helper unit tests createRemoteBranch should create a remote branch successfully" time="0.000" classname="should create a remote branch successfully">
    </testcase>
    <testcase name="Extension helper unit tests createRemoteBranch should surface GitHub API errors from createRemoteBranch" time="0.000" classname="should surface GitHub API errors from createRemoteBranch">
    </testcase>
  </testsuite>
  <testsuite name="FetchUtils ユニットテスト" timestamp="2026-04-25T15:48:38" tests="7" file="/Users/hirokimukai/Cloudprojects/jules-extension/out/test/fetchUtils.unit.test.js" time="0.018" failures="0">
    <testcase name="FetchUtils ユニットテスト fetchWithTimeout はタイムアウト内に完了した場合、成功すること" time="0.000" classname="fetchWithTimeout はタイムアウト内に完了した場合、成功すること">
    </testcase>
    <testcase name="FetchUtils ユニットテスト fetchWithTimeout はfetchが失敗した場合、エラーをスローすること" time="0.000" classname="fetchWithTimeout はfetchが失敗した場合、エラーをスローすること">
    </testcase>
    <testcase name="FetchUtils ユニットテスト fetchWithTimeout はタイムアウト時にシグナルを中断（Abort）すること" time="0.001" classname="fetchWithTimeout はタイムアウト時にシグナルを中断（Abort）すること">
    </testcase>
    <testcase name="FetchUtils ユニットテスト HTTPプロキシ設定時はglobal fetchを使わずプロキシ接続を試行すること" time="0.010" classname="HTTPプロキシ設定時はglobal fetchを使わずプロキシ接続を試行すること">
    </testcase>
    <testcase name="FetchUtils ユニットテスト SOCKSプロキシ接続失敗時はエラーを伝搬すること" time="0.005" classname="SOCKSプロキシ接続失敗時はエラーを伝搬すること">
    </testcase>
    <testcase name="FetchUtils ユニットテスト プロキシ経由リクエストはAbortSignalで中断できること" time="0.001" classname="プロキシ経由リクエストはAbortSignalで中断できること">
    </testcase>
    <testcase name="FetchUtils ユニットテスト HTTPプロキシ設定を解除すると通常のfetchに戻ること" time="0.000" classname="HTTPプロキシ設定を解除すると通常のfetchに戻ること">
    </testcase>
  </testsuite>
  <testsuite name="Galactic Operations Suite / 銀河演算スイート" timestamp="2026-04-25T15:48:38" tests="1" file="/Users/hirokimukai/Cloudprojects/jules-extension/out/test/galactic_operations.unit.test.js" time="0.000" failures="0">
    <testcase name="Galactic Operations Suite / 銀河演算スイート calculateUniversalMeaningは42を返すべき (Returns 42)" time="0.000" classname="calculateUniversalMeaningは42を返すべき (Returns 42)">
    </testcase>
  </testsuite>
  <testsuite name="GitHubAuth Unit Test Suite" timestamp="2026-04-25T15:48:38" tests="14" file="/Users/hirokimukai/Cloudprojects/jules-extension/out/test/githubAuth.unit.test.js" time="0.005" failures="0">
    <testcase name="GitHubAuth Unit Test Suite signIn should request a session and return the access token" time="0.000" classname="signIn should request a session and return the access token">
    </testcase>
    <testcase name="GitHubAuth Unit Test Suite signIn should clear cache when returning no session" time="0.000" classname="signIn should clear cache when returning no session">
    </testcase>
    <testcase name="GitHubAuth Unit Test Suite signIn should show an error and return undefined on failure" time="0.000" classname="signIn should show an error and return undefined on failure">
    </testcase>
    <testcase name="GitHubAuth Unit Test Suite signIn should ignore stale session for cache after cache clear" time="0.000" classname="signIn should ignore stale session for cache after cache clear">
    </testcase>
    <testcase name="GitHubAuth Unit Test Suite getSession should request a non-creating session" time="0.000" classname="getSession should request a non-creating session">
    </testcase>
    <testcase name="GitHubAuth Unit Test Suite getSession should return undefined when the request fails" time="0.000" classname="getSession should return undefined when the request fails">
    </testcase>
    <testcase name="GitHubAuth Unit Test Suite getSession should dedupe concurrent session fetches" time="0.000" classname="getSession should dedupe concurrent session fetches">
    </testcase>
    <testcase name="GitHubAuth Unit Test Suite getSession should ignore stale results after cache clear" time="0.000" classname="getSession should ignore stale results after cache clear">
    </testcase>
    <testcase name="GitHubAuth Unit Test Suite getSession should clear cache when GitHub sessions change" time="0.000" classname="getSession should clear cache when GitHub sessions change">
    </testcase>
    <testcase name="GitHubAuth Unit Test Suite getSession should ignore auth change events for other providers or missing providers" time="0.000" classname="getSession should ignore auth change events for other providers or missing providers">
    </testcase>
    <testcase name="GitHubAuth Unit Test Suite getToken should return cached token if fresh" time="0.000" classname="getToken should return cached token if fresh">
    </testcase>
    <testcase name="GitHubAuth Unit Test Suite getToken should return undefined when no session exists" time="0.000" classname="getToken should return undefined when no session exists">
    </testcase>
    <testcase name="GitHubAuth Unit Test Suite getUserInfo should return undefined when session is falsy" time="0.000" classname="getUserInfo should return undefined when session is falsy">
    </testcase>
    <testcase name="GitHubAuth Unit Test Suite getUserInfo and isSignedIn should reflect the active session" time="0.001" classname="getUserInfo and isSignedIn should reflect the active session">
    </testcase>
  </testsuite>
  <testsuite name="GitHub Utils Unit Tests" timestamp="2026-04-25T15:48:38" tests="10" file="/Users/hirokimukai/Cloudprojects/jules-extension/out/test/githubUtils.unit.test.js" time="0.001" failures="0">
    <testcase name="GitHub Utils Unit Tests parseGitHubUrl は標準的な HTTPS URL を正しく解析すること" time="0.000" classname="parseGitHubUrl は標準的な HTTPS URL を正しく解析すること">
    </testcase>
    <testcase name="GitHub Utils Unit Tests parseGitHubUrl は .git 付きの HTTPS URL を正しく解析すること" time="0.000" classname="parseGitHubUrl は .git 付きの HTTPS URL を正しく解析すること">
    </testcase>
    <testcase name="GitHub Utils Unit Tests parseGitHubUrl は http プロトコルの URL を正しく解析すること" time="0.000" classname="parseGitHubUrl は http プロトコルの URL を正しく解析すること">
    </testcase>
    <testcase name="GitHub Utils Unit Tests parseGitHubUrl は SSH URL (コロン区切り) を正しく解析すること" time="0.000" classname="parseGitHubUrl は SSH URL (コロン区切り) を正しく解析すること">
    </testcase>
    <testcase name="GitHub Utils Unit Tests parseGitHubUrl は .git なしの SSH URL を正しく解析すること" time="0.000" classname="parseGitHubUrl は .git なしの SSH URL を正しく解析すること">
    </testcase>
    <testcase name="GitHub Utils Unit Tests parseGitHubUrl は github.com 以外のドメインの場合に null を返すこと" time="0.000" classname="parseGitHubUrl は github.com 以外のドメインの場合に null を返すこと">
    </testcase>
    <testcase name="GitHub Utils Unit Tests parseGitHubUrl は無効な形式の URL の場合に null を返すこと" time="0.000" classname="parseGitHubUrl は無効な形式の URL の場合に null を返すこと">
    </testcase>
    <testcase name="GitHub Utils Unit Tests parseGitHubUrl はリポジトリルート以外のパスが含まれる場合に null を返すこと" time="0.000" classname="parseGitHubUrl はリポジトリルート以外のパスが含まれる場合に null を返すこと">
    </testcase>
    <testcase name="GitHub Utils Unit Tests parseGitHubUrl はハイフンを含むユーザー名やリポジトリ名を正しく処理すること" time="0.000" classname="parseGitHubUrl はハイフンを含むユーザー名やリポジトリ名を正しく処理すること">
    </testcase>
    <testcase name="GitHub Utils Unit Tests parseGitHubUrl はドットを含むリポジトリ名を正しく処理すること" time="0.000" classname="parseGitHubUrl はドットを含むリポジトリ名を正しく処理すること">
    </testcase>
  </testsuite>
  <testsuite name="gitUtils ユニットテスト" timestamp="2026-04-25T15:48:38" tests="14" file="/Users/hirokimukai/Cloudprojects/jules-extension/out/test/gitUtils.unit.test.js" time="0.003" failures="0">
    <testcase name="gitUtils ユニットテスト getGitApi は Git extension を activate して API を返すこと" time="0.000" classname="getGitApi は Git extension を activate して API を返すこと">
    </testcase>
    <testcase name="gitUtils ユニットテスト getGitApi は Git extension がない場合にエラーを投げること" time="0.000" classname="getGitApi は Git extension がない場合にエラーを投げること">
    </testcase>
    <testcase name="gitUtils ユニットテスト getGitApi は Git API が取得できない場合にエラーを投げること" time="0.000" classname="getGitApi は Git API が取得できない場合にエラーを投げること">
    </testcase>
    <testcase name="gitUtils ユニットテスト getRepositoryForWorkspaceFolder は一致する repository を返すこと" time="0.000" classname="getRepositoryForWorkspaceFolder は一致する repository を返すこと">
    </testcase>
    <testcase name="gitUtils ユニットテスト getRepositoryForWorkspaceFolder は repository がない場合に null を返してログすること" time="0.000" classname="getRepositoryForWorkspaceFolder は repository がない場合に null を返してログすること">
    </testcase>
    <testcase name="gitUtils ユニットテスト getRemoteUrl は origin の URL を優先して返すこと" time="0.000" classname="getRemoteUrl は origin の URL を優先して返すこと">
    </testcase>
    <testcase name="gitUtils ユニットテスト getRemoteUrl は preferred remote がない場合に URL 付き remote へフォールバックすること" time="0.000" classname="getRemoteUrl は preferred remote がない場合に URL 付き remote へフォールバックすること">
    </testcase>
    <testcase name="gitUtils ユニットテスト getRemoteUrl は remotes が空の場合に null を返すこと" time="0.000" classname="getRemoteUrl は remotes が空の場合に null を返すこと">
    </testcase>
    <testcase name="gitUtils ユニットテスト getRemoteUrl は URL 付き remote がない場合に null を返すこと" time="0.000" classname="getRemoteUrl は URL 付き remote がない場合に null を返すこと">
    </testcase>
    <testcase name="gitUtils ユニットテスト getRemoteUrl は preferred remote 不在かつ URL 付き remote もない場合に null を返すこと" time="0.000" classname="getRemoteUrl は preferred remote 不在かつ URL 付き remote もない場合に null を返すこと">
    </testcase>
    <testcase name="gitUtils ユニットテスト getCurrentBranchSha は workspace がない場合に null を返すこと" time="0.000" classname="getCurrentBranchSha は workspace がない場合に null を返すこと">
    </testcase>
    <testcase name="gitUtils ユニットテスト getCurrentBranchSha は現在の HEAD commit を返すこと" time="0.000" classname="getCurrentBranchSha は現在の HEAD commit を返すこと">
    </testcase>
    <testcase name="gitUtils ユニットテスト getCurrentBranchSha は repository が見つからない場合に null を返すこと" time="0.000" classname="getCurrentBranchSha は repository が見つからない場合に null を返すこと">
    </testcase>
    <testcase name="gitUtils ユニットテスト getCurrentBranchSha は Git API 取得エラー時に null を返すこと" time="0.001" classname="getCurrentBranchSha は Git API 取得エラー時に null を返すこと">
    </testcase>
  </testsuite>
  <testsuite name="inlineCommands Test Suite" timestamp="2026-04-25T15:48:38" tests="9" file="/Users/hirokimukai/Cloudprojects/jules-extension/out/test/inlineCommands.unit.test.js" time="0.003" failures="0">
    <testcase name="inlineCommands Test Suite JulesCodeActionProvider returns actions for non-empty range" time="0.000" classname="JulesCodeActionProvider returns actions for non-empty range">
    </testcase>
    <testcase name="inlineCommands Test Suite JulesCodeActionProvider returns undefined for empty range" time="0.000" classname="JulesCodeActionProvider returns undefined for empty range">
    </testcase>
    <testcase name="inlineCommands Test Suite buildInlineTaskPrompt should use a safe fence length for snippets with backticks" time="0.000" classname="buildInlineTaskPrompt should use a safe fence length for snippets with backticks">
    </testcase>
    <testcase name="inlineCommands Test Suite JulesCodeLensProvider returns lenses for nested symbols" time="0.001" classname="JulesCodeLensProvider returns lenses for nested symbols">
    </testcase>
    <testcase name="inlineCommands Test Suite JulesCodeLensProvider logs and returns empty array when symbol lookup fails" time="0.000" classname="JulesCodeLensProvider logs and returns empty array when symbol lookup fails">
    </testcase>
    <testcase name="inlineCommands Test Suite handleInlineTask shows an error when the file is outside the workspace" time="0.000" classname="handleInlineTask shows an error when the file is outside the workspace">
    </testcase>
    <testcase name="inlineCommands Test Suite handleInlineTask stops when no specific source is selected" time="0.001" classname="handleInlineTask stops when no specific source is selected">
    </testcase>
    <testcase name="inlineCommands Test Suite handleInlineTask creates a session when all inputs are valid" time="0.000" classname="handleInlineTask creates a session when all inputs are valid">
    </testcase>
    <testcase name="inlineCommands Test Suite registerInlineCommands registers providers and commands" time="0.001" classname="registerInlineCommands registers providers and commands">
    </testcase>
  </testsuite>
  <testsuite name="JulesApiClient Test Suite" timestamp="2026-04-25T15:48:38" tests="0" file="/Users/hirokimukai/Cloudprojects/jules-extension/out/test/julesApiClient.unit.test.js" time="0.000" failures="0">
  </testsuite>
  <testsuite name="getSource" timestamp="2026-04-25T15:48:38" tests="2" file="/Users/hirokimukai/Cloudprojects/jules-extension/out/test/julesApiClient.unit.test.js" time="0.000" failures="0">
    <testcase name="JulesApiClient Test Suite getSource should make correct request" time="0.000" classname="should make correct request">
    </testcase>
    <testcase name="JulesApiClient Test Suite getSource should throw error on API failure" time="0.000" classname="should throw error on API failure">
    </testcase>
  </testsuite>
  <testsuite name="listAllSources" timestamp="2026-04-25T15:48:38" tests="2" file="/Users/hirokimukai/Cloudprojects/jules-extension/out/test/julesApiClient.unit.test.js" time="0.001" failures="0">
    <testcase name="JulesApiClient Test Suite listAllSources should paginate through all sources with pageSize=100" time="0.000" classname="should paginate through all sources with pageSize=100">
    </testcase>
    <testcase name="JulesApiClient Test Suite listAllSources should pass filter parameter when provided" time="0.000" classname="should pass filter parameter when provided">
    </testcase>
  </testsuite>
  <testsuite name="mergeActivitiesByIdentity Unit Tests" timestamp="2026-04-25T15:48:38" tests="11" file="/Users/hirokimukai/Cloudprojects/jules-extension/out/test/mergeActivities.unit.test.js" time="0.001" failures="0">
    <testcase name="mergeActivitiesByIdentity Unit Tests should return existing when incoming is empty" time="0.000" classname="should return existing when incoming is empty">
    </testcase>
    <testcase name="mergeActivitiesByIdentity Unit Tests should correctly calculate counts and buildActivitySummaryHeader should use them" time="0.000" classname="should correctly calculate counts and buildActivitySummaryHeader should use them">
    </testcase>
    <testcase name="mergeActivitiesByIdentity Unit Tests buildActivitySummaryHeader should refresh cached counts when the array length changes" time="0.000" classname="buildActivitySummaryHeader should refresh cached counts when the array length changes">
    </testcase>
    <testcase name="mergeActivitiesByIdentity Unit Tests should count only merged activities when existing contains duplicate keys" time="0.000" classname="should count only merged activities when existing contains duplicate keys">
    </testcase>
    <testcase name="mergeActivitiesByIdentity Unit Tests should merge unique activities and keep chronological order" time="0.000" classname="should merge unique activities and keep chronological order">
    </testcase>
    <testcase name="mergeActivitiesByIdentity Unit Tests buildActivitySummaryHeader should handle empty activities array" time="0.000" classname="buildActivitySummaryHeader should handle empty activities array">
    </testcase>
    <testcase name="mergeActivitiesByIdentity Unit Tests mergeActivitiesByIdentity should handle activities without name or id" time="0.000" classname="mergeActivitiesByIdentity should handle activities without name or id">
    </testcase>
    <testcase name="mergeActivitiesByIdentity Unit Tests mergeActivitiesByIdentity should fallback to localeCompare for sorting when times are equal or NaN" time="0.000" classname="mergeActivitiesByIdentity should fallback to localeCompare for sorting when times are equal or NaN">
    </testcase>
    <testcase name="mergeActivitiesByIdentity Unit Tests mergeActivitiesByIdentity should fallback to localeCompare when times are exactly equal" time="0.000" classname="mergeActivitiesByIdentity should fallback to localeCompare when times are exactly equal">
    </testcase>
    <testcase name="mergeActivitiesByIdentity Unit Tests buildActivitySummaryHeader should handle activities with undefined createTime" time="0.000" classname="buildActivitySummaryHeader should handle activities with undefined createTime">
    </testcase>
    <testcase name="mergeActivitiesByIdentity Unit Tests buildActivitySummaryHeader should count raw activities without identity keys" time="0.000" classname="buildActivitySummaryHeader should count raw activities without identity keys">
    </testcase>
  </testsuite>
  <testsuite name="Performance Optimization - getCurrentBranch" timestamp="2026-04-25T15:48:38" tests="3" file="/Users/hirokimukai/Cloudprojects/jules-extension/out/test/performance_optimization.unit.test.js" time="0.001" failures="0">
    <testcase name="Performance Optimization - getCurrentBranch Baseline: showQuickPick is called when multiple repositories exist" time="0.000" classname="Baseline: showQuickPick is called when multiple repositories exist">
    </testcase>
    <testcase name="Performance Optimization - getCurrentBranch Optimization: showQuickPick is NOT called when silent mode is enabled" time="0.000" classname="Optimization: showQuickPick is NOT called when silent mode is enabled">
    </testcase>
    <testcase name="Performance Optimization - getCurrentBranch Optimization: correctly infers repository from active editor in silent mode" time="0.000" classname="Optimization: correctly infers repository from active editor in silent mode">
    </testcase>
  </testsuite>
  <testsuite name="Performance Benchmark - Prefetch Blocking" timestamp="2026-04-25T15:48:38" tests="1" file="/Users/hirokimukai/Cloudprojects/jules-extension/out/test/performance_prefetch.unit.test.js" time="0.216" failures="0">
    <testcase name="Performance Benchmark - Prefetch Blocking Benchmark: refresh() duration (non-blocking prefetch)" time="0.216" classname="Benchmark: refresh() duration (non-blocking prefetch)">
    </testcase>
  </testsuite>
  <testsuite name="formatFullPlan" timestamp="2026-04-25T15:48:38" tests="10" file="/Users/hirokimukai/Cloudprojects/jules-extension/out/test/planDocumentProvider.unit.test.js" time="0.002" failures="0">
    <testcase name="formatFullPlan formats plan with all fields" time="0.000" classname="formats plan with all fields">
    </testcase>
    <testcase name="formatFullPlan uses session title in header when provided" time="0.000" classname="uses session title in header when provided">
    </testcase>
    <testcase name="formatFullPlan uses default header when session title is missing" time="0.000" classname="uses default header when session title is missing">
    </testcase>
    <testcase name="formatFullPlan formats steps with only title" time="0.000" classname="formats steps with only title">
    </testcase>
    <testcase name="formatFullPlan formats steps with only description" time="0.000" classname="formats steps with only description">
    </testcase>
    <testcase name="formatFullPlan handles string steps" time="0.000" classname="handles string steps">
    </testcase>
    <testcase name="formatFullPlan skips empty steps" time="0.000" classname="skips empty steps">
    </testcase>
    <testcase name="formatFullPlan handles empty steps array" time="0.000" classname="handles empty steps array">
    </testcase>
    <testcase name="formatFullPlan handles undefined steps" time="0.000" classname="handles undefined steps">
    </testcase>
    <testcase name="formatFullPlan handles empty plan object gracefully" time="0.000" classname="handles empty plan object gracefully">
    </testcase>
  </testsuite>
  <testsuite name="JulesPlanDocumentProvider" timestamp="2026-04-25T15:48:38" tests="5" file="/Users/hirokimukai/Cloudprojects/jules-extension/out/test/planDocumentProvider.unit.test.js" time="0.001" failures="0">
    <testcase name="JulesPlanDocumentProvider returns content for registered URI" time="0.000" classname="returns content for registered URI">
    </testcase>
    <testcase name="JulesPlanDocumentProvider returns empty string for unregistered URI" time="0.000" classname="returns empty string for unregistered URI">
    </testcase>
    <testcase name="JulesPlanDocumentProvider clears content for URI" time="0.000" classname="clears content for URI">
    </testcase>
    <testcase name="JulesPlanDocumentProvider buildUri creates correct URI format" time="0.001" classname="buildUri creates correct URI format">
    </testcase>
    <testcase name="JulesPlanDocumentProvider handles multiple sessions independently" time="0.000" classname="handles multiple sessions independently">
    </testcase>
  </testsuite>
  <testsuite name="Plan Notification Formatting" timestamp="2026-04-25T15:48:38" tests="12" file="/Users/hirokimukai/Cloudprojects/jules-extension/out/test/planNotification.unit.test.js" time="0.002" failures="0">
    <testcase name="Plan Notification Formatting uses title as fallback when description is missing" time="0.000" classname="uses title as fallback when description is missing">
    </testcase>
    <testcase name="Plan Notification Formatting skips empty description steps and compacts numbering" time="0.000" classname="skips empty description steps and compacts numbering">
    </testcase>
    <testcase name="Plan Notification Formatting ignores empty object steps" time="0.000" classname="ignores empty object steps">
    </testcase>
    <testcase name="Plan Notification Formatting handles string steps" time="0.000" classname="handles string steps">
    </testcase>
    <testcase name="Plan Notification Formatting handles empty steps safely" time="0.000" classname="handles empty steps safely">
    </testcase>
    <testcase name="Plan Notification Formatting clamps negative maxSteps to 0 and excludes steps" time="0.000" classname="clamps negative maxSteps to 0 and excludes steps">
    </testcase>
    <testcase name="Plan Notification Formatting clamps zero maxSteps and excludes steps" time="0.000" classname="clamps zero maxSteps and excludes steps">
    </testcase>
    <testcase name="Plan Notification Formatting clamps maxStepLength below 4 to ensure ... can fit" time="0.000" classname="clamps maxStepLength below 4 to ensure ... can fit">
    </testcase>
    <testcase name="Plan Notification Formatting clamps maxStepLength=1 and handles truncation safely" time="0.000" classname="clamps maxStepLength=1 and handles truncation safely">
    </testcase>
    <testcase name="Plan Notification Formatting handles non-array steps gracefully" time="0.000" classname="handles non-array steps gracefully">
    </testcase>
    <testcase name="Plan Notification Formatting skips empty title and only shows steps" time="0.000" classname="skips empty title and only shows steps">
    </testcase>
    <testcase name="Plan Notification Formatting handles floats in maxSteps and maxStepLength by flooring" time="0.000" classname="handles floats in maxSteps and maxStepLength by flooring">
    </testcase>
  </testsuite>
  <testsuite name="promptUtils" timestamp="2026-04-25T15:48:38" tests="6" file="/Users/hirokimukai/Cloudprojects/jules-extension/out/test/promptUtils.unit.test.js" time="0.003" failures="0">
    <testcase name="promptUtils enforceJapanese=true appends Japanese instruction" time="0.001" classname="enforceJapanese=true appends Japanese instruction">
    </testcase>
    <testcase name="promptUtils enforceJapanese=false returns base prompt without Japanese instruction" time="0.000" classname="enforceJapanese=false returns base prompt without Japanese instruction">
    </testcase>
    <testcase name="promptUtils custom prompt is prepended when enforceJapanese=true" time="0.000" classname="custom prompt is prepended when enforceJapanese=true">
    </testcase>
    <testcase name="promptUtils custom prompt is prepended when enforceJapanese=false" time="0.000" classname="custom prompt is prepended when enforceJapanese=false">
    </testcase>
    <testcase name="promptUtils empty custom prompt is ignored" time="0.000" classname="empty custom prompt is ignored">
    </testcase>
    <testcase name="promptUtils undefined custom prompt is treated as empty" time="0.000" classname="undefined custom prompt is treated as empty">
    </testcase>
  </testsuite>
  <testsuite name="Security Utils Test Suite" timestamp="2026-04-25T15:48:38" tests="66" file="/Users/hirokimukai/Cloudprojects/jules-extension/out/test/securityUtils.unit.test.js" time="0.000" failures="0">
    <testcase name="Security Utils Test Suite stripUrlCredentials should remove credentials from HTTPS URLs" time="0.001" classname="stripUrlCredentials should remove credentials from HTTPS URLs">
    </testcase>
    <testcase name="Security Utils Test Suite stripUrlCredentials should remove username only from HTTPS URLs" time="0.000" classname="stripUrlCredentials should remove username only from HTTPS URLs">
    </testcase>
    <testcase name="Security Utils Test Suite stripUrlCredentials should handle URLs without credentials" time="0.000" classname="stripUrlCredentials should handle URLs without credentials">
    </testcase>
    <testcase name="Security Utils Test Suite stripUrlCredentials should handle HTTP URLs" time="0.000" classname="stripUrlCredentials should handle HTTP URLs">
    </testcase>
    <testcase name="Security Utils Test Suite stripUrlCredentials should keep path intact" time="0.000" classname="stripUrlCredentials should keep path intact">
    </testcase>
    <testcase name="Security Utils Test Suite stripUrlCredentials should return SSH URLs as is" time="0.000" classname="stripUrlCredentials should return SSH URLs as is">
    </testcase>
    <testcase name="Security Utils Test Suite stripUrlCredentials should return malformed URLs as is (fallback)" time="0.000" classname="stripUrlCredentials should return malformed URLs as is (fallback)">
    </testcase>
    <testcase name="Security Utils Test Suite stripUrlCredentials should handle complex passwords" time="0.000" classname="stripUrlCredentials should handle complex passwords">
    </testcase>
    <testcase name="Security Utils Test Suite stripUrlCredentials should strip credentials from malformed URLs (fallback)" time="0.001" classname="stripUrlCredentials should strip credentials from malformed URLs (fallback)">
    </testcase>
    <testcase name="Security Utils Test Suite sanitizeForLogging should escape newlines and tabs" time="0.000" classname="sanitizeForLogging should escape newlines and tabs">
    </testcase>
    <testcase name="Security Utils Test Suite sanitizeForLogging should truncate long strings" time="0.000" classname="sanitizeForLogging should truncate long strings">
    </testcase>
    <testcase name="Security Utils Test Suite sanitizeForLogging should handle null/undefined" time="0.000" classname="sanitizeForLogging should handle null/undefined">
    </testcase>
    <testcase name="Security Utils Test Suite sanitizeForLogging should handle numbers" time="0.000" classname="sanitizeForLogging should handle numbers">
    </testcase>
    <testcase name="Security Utils Test Suite sanitizeForLogging should remove non-printable control characters" time="0.000" classname="sanitizeForLogging should remove non-printable control characters">
    </testcase>
    <testcase name="Security Utils Test Suite sanitizeForLogging should strip ANSI escape codes" time="0.000" classname="sanitizeForLogging should strip ANSI escape codes">
    </testcase>
    <testcase name="Security Utils Test Suite sanitizeForLogging should strip multiple ANSI codes in sequence" time="0.000" classname="sanitizeForLogging should strip multiple ANSI codes in sequence">
    </testcase>
    <testcase name="Security Utils Test Suite sanitizeForLogging should strip ANSI codes with various parameters" time="0.000" classname="sanitizeForLogging should strip ANSI codes with various parameters">
    </testcase>
    <testcase name="Security Utils Test Suite sanitizeForLogging should strip ANSI cursor movement codes" time="0.000" classname="sanitizeForLogging should strip ANSI cursor movement codes">
    </testcase>
    <testcase name="Security Utils Test Suite sanitizeForLogging should strip complex RGB ANSI codes" time="0.000" classname="sanitizeForLogging should strip complex RGB ANSI codes">
    </testcase>
    <testcase name="Security Utils Test Suite sanitizeForLogging should handle ANSI codes at string boundaries" time="0.000" classname="sanitizeForLogging should handle ANSI codes at string boundaries">
    </testcase>
    <testcase name="Security Utils Test Suite sanitizeForLogging should strip ANSI codes and truncate correctly" time="0.000" classname="sanitizeForLogging should strip ANSI codes and truncate correctly">
    </testcase>
    <testcase name="Security Utils Test Suite sanitizeForLogging should handle ANSI codes with control characters" time="0.000" classname="sanitizeForLogging should handle ANSI codes with control characters">
    </testcase>
    <testcase name="Security Utils Test Suite sanitizeForLogging should strip ANSI and remove non-printable chars together" time="0.000" classname="sanitizeForLogging should strip ANSI and remove non-printable chars together">
    </testcase>
    <testcase name="Security Utils Test Suite sanitizeForLogging should handle empty ANSI sequences" time="0.000" classname="sanitizeForLogging should handle empty ANSI sequences">
    </testcase>
    <testcase name="Security Utils Test Suite sanitizeForLogging should handle OSC (Operating System Command) sequences" time="0.000" classname="sanitizeForLogging should handle OSC (Operating System Command) sequences">
    </testcase>
    <testcase name="Security Utils Test Suite sanitizeForLogging should handle malformed ANSI-like sequences" time="0.001" classname="sanitizeForLogging should handle malformed ANSI-like sequences">
    </testcase>
    <testcase name="Security Utils Test Suite sanitizeForLogging should use strict equality for null check" time="0.000" classname="sanitizeForLogging should use strict equality for null check">
    </testcase>
    <testcase name="Security Utils Test Suite sanitizeForLogging should not treat 0 as null or undefined" time="0.000" classname="sanitizeForLogging should not treat 0 as null or undefined">
    </testcase>
    <testcase name="Security Utils Test Suite sanitizeForLogging should not treat empty string as null or undefined" time="0.000" classname="sanitizeForLogging should not treat empty string as null or undefined">
    </testcase>
    <testcase name="Security Utils Test Suite sanitizeForLogging should not treat false as null or undefined" time="0.000" classname="sanitizeForLogging should not treat false as null or undefined">
    </testcase>
    <testcase name="Security Utils Test Suite sanitizeForLogging should handle maxLength of 0" time="0.000" classname="sanitizeForLogging should handle maxLength of 0">
    </testcase>
    <testcase name="Security Utils Test Suite sanitizeForLogging should handle maxLength of 1" time="0.000" classname="sanitizeForLogging should handle maxLength of 1">
    </testcase>
    <testcase name="Security Utils Test Suite sanitizeForLogging should handle maxLength of 2" time="0.000" classname="sanitizeForLogging should handle maxLength of 2">
    </testcase>
    <testcase name="Security Utils Test Suite sanitizeForLogging should handle exact length match" time="0.000" classname="sanitizeForLogging should handle exact length match">
    </testcase>
    <testcase name="Security Utils Test Suite sanitizeForLogging should handle string one char longer than max" time="0.000" classname="sanitizeForLogging should handle string one char longer than max">
    </testcase>
    <testcase name="Security Utils Test Suite sanitizeForLogging should handle GitHub API error response with ANSI" time="0.000" classname="sanitizeForLogging should handle GitHub API error response with ANSI">
    </testcase>
    <testcase name="Security Utils Test Suite sanitizeForLogging should handle stack traces with ANSI codes" time="0.000" classname="sanitizeForLogging should handle stack traces with ANSI codes">
    </testcase>
    <testcase name="Security Utils Test Suite sanitizeForLogging should handle JSON with ANSI formatting" time="0.000" classname="sanitizeForLogging should handle JSON with ANSI formatting">
    </testcase>
    <testcase name="Security Utils Test Suite sanitizeForLogging should handle boolean values" time="0.000" classname="sanitizeForLogging should handle boolean values">
    </testcase>
    <testcase name="Security Utils Test Suite sanitizeForLogging should handle object values" time="0.000" classname="sanitizeForLogging should handle object values">
    </testcase>
    <testcase name="Security Utils Test Suite sanitizeForLogging should handle array values" time="0.000" classname="sanitizeForLogging should handle array values">
    </testcase>
    <testcase name="Security Utils Test Suite sanitizeForLogging should handle NaN" time="0.000" classname="sanitizeForLogging should handle NaN">
    </testcase>
    <testcase name="Security Utils Test Suite sanitizeForLogging should handle Infinity" time="0.000" classname="sanitizeForLogging should handle Infinity">
    </testcase>
    <testcase name="Security Utils Test Suite sanitizeForLogging should strip ANSI before calculating length for truncation" time="0.000" classname="sanitizeForLogging should strip ANSI before calculating length for truncation">
    </testcase>
    <testcase name="Security Utils Test Suite sanitizeForLogging should handle multiple ANSI codes before truncating" time="0.000" classname="sanitizeForLogging should handle multiple ANSI codes before truncating">
    </testcase>
    <testcase name="Security Utils Test Suite sanitizeForLogging should handle very long strings efficiently" time="0.000" classname="sanitizeForLogging should handle very long strings efficiently">
    </testcase>
    <testcase name="Security Utils Test Suite sanitizeForLogging should handle strings with only ANSI codes" time="0.000" classname="sanitizeForLogging should handle strings with only ANSI codes">
    </testcase>
    <testcase name="Security Utils Test Suite sanitizeForLogging should handle alternating ANSI and text" time="0.000" classname="sanitizeForLogging should handle alternating ANSI and text">
    </testcase>
    <testcase name="Security Utils Test Suite sanitizeForLogging should handle mix of \n, \r, \t" time="0.000" classname="sanitizeForLogging should handle mix of \n, \r, \t">
    </testcase>
    <testcase name="Security Utils Test Suite sanitizeForLogging should handle \r\n (Windows line ending)" time="0.000" classname="sanitizeForLogging should handle \r\n (Windows line ending)">
    </testcase>
    <testcase name="Security Utils Test Suite sanitizeForLogging should preserve spaces while removing control chars" time="0.000" classname="sanitizeForLogging should preserve spaces while removing control chars">
    </testcase>
    <testcase name="Security Utils Test Suite sanitizeForLogging should preserve Unicode characters" time="0.000" classname="sanitizeForLogging should preserve Unicode characters">
    </testcase>
    <testcase name="Security Utils Test Suite sanitizeForLogging should handle Unicode with ANSI codes" time="0.000" classname="sanitizeForLogging should handle Unicode with ANSI codes">
    </testcase>
    <testcase name="Security Utils Test Suite sanitizeForLogging should handle emoji with ANSI codes" time="0.001" classname="sanitizeForLogging should handle emoji with ANSI codes">
    </testcase>
    <testcase name="Security Utils Test Suite stripUrlCredentials should handle empty string" time="0.000" classname="stripUrlCredentials should handle empty string">
    </testcase>
    <testcase name="Security Utils Test Suite stripUrlCredentials should handle URL with port" time="0.000" classname="stripUrlCredentials should handle URL with port">
    </testcase>
    <testcase name="Security Utils Test Suite stripUrlCredentials should handle URL with query parameters" time="0.000" classname="stripUrlCredentials should handle URL with query parameters">
    </testcase>
    <testcase name="Security Utils Test Suite stripUrlCredentials should handle URL with fragment" time="0.000" classname="stripUrlCredentials should handle URL with fragment">
    </testcase>
    <testcase name="Security Utils Test Suite stripUrlCredentials should handle URL with special chars in password" time="0.000" classname="stripUrlCredentials should handle URL with special chars in password">
    </testcase>
    <testcase name="Security Utils Test Suite stripUrlCredentials should handle URL with @ in path" time="0.000" classname="stripUrlCredentials should handle URL with @ in path">
    </testcase>
    <testcase name="Security Utils Test Suite stripUrlCredentials should handle ftp URLs as-is" time="0.000" classname="stripUrlCredentials should handle ftp URLs as-is">
    </testcase>
    <testcase name="Security Utils Test Suite stripUrlCredentials should handle git protocol URLs" time="0.000" classname="stripUrlCredentials should handle git protocol URLs">
    </testcase>
    <testcase name="Security Utils Test Suite stripUrlCredentials should handle file protocol URLs" time="0.000" classname="stripUrlCredentials should handle file protocol URLs">
    </testcase>
    <testcase name="Security Utils Test Suite stripUrlCredentials should handle URL with IPv4 address" time="0.000" classname="stripUrlCredentials should handle URL with IPv4 address">
    </testcase>
    <testcase name="Security Utils Test Suite stripUrlCredentials should handle URL with IPv6 address" time="0.000" classname="stripUrlCredentials should handle URL with IPv6 address">
    </testcase>
    <testcase name="Security Utils Test Suite stripUrlCredentials should handle multiple @ symbols in credentials" time="0.000" classname="stripUrlCredentials should handle multiple @ symbols in credentials">
    </testcase>
  </testsuite>
  <testsuite name="isValidSessionId" timestamp="2026-04-25T15:48:38" tests="4" file="/Users/hirokimukai/Cloudprojects/jules-extension/out/test/securityUtils.unit.test.js" time="0.000" failures="0">
    <testcase name="Security Utils Test Suite isValidSessionId should return true for valid session IDs" time="0.000" classname="should return true for valid session IDs">
    </testcase>
    <testcase name="Security Utils Test Suite isValidSessionId should return false for path traversal" time="0.000" classname="should return false for path traversal">
    </testcase>
    <testcase name="Security Utils Test Suite isValidSessionId should return false for invalid characters" time="0.000" classname="should return false for invalid characters">
    </testcase>
    <testcase name="Security Utils Test Suite isValidSessionId should return false for empty or non-string inputs" time="0.000" classname="should return false for empty or non-string inputs">
    </testcase>
  </testsuite>
  <testsuite name="SessionArtifacts ユニットテスト" timestamp="2026-04-25T15:48:38" tests="0" file="/Users/hirokimukai/Cloudprojects/jules-extension/out/test/sessionArtifacts.unit.test.js" time="0.000" failures="0">
  </testsuite>
  <testsuite name="extractLatestArtifactsFromActivities" timestamp="2026-04-25T15:48:38" tests="24" file="/Users/hirokimukai/Cloudprojects/jules-extension/out/test/sessionArtifacts.unit.test.js" time="0.005" failures="0">
    <testcase name="SessionArtifacts ユニットテスト extractLatestArtifactsFromActivities 空の配列を渡した場合、空のオブジェクトを返すこと" time="0.000" classname="空の配列を渡した場合、空のオブジェクトを返すこと">
    </testcase>
    <testcase name="SessionArtifacts ユニットテスト extractLatestArtifactsFromActivities null や undefined を渡した場合でもエラーにならないこと" time="0.000" classname="null や undefined を渡した場合でもエラーにならないこと">
    </testcase>
    <testcase name="SessionArtifacts ユニットテスト extractLatestArtifactsFromActivities gitPatch.diff から最新の diff を抽出すること" time="0.000" classname="gitPatch.diff から最新の diff を抽出すること">
    </testcase>
    <testcase name="SessionArtifacts ユニットテスト extractLatestArtifactsFromActivities artifacts.changeSet.gitPatch.unidiffPatch から diff を抽出すること" time="0.000" classname="artifacts.changeSet.gitPatch.unidiffPatch から diff を抽出すること">
    </testcase>
    <testcase name="SessionArtifacts ユニットテスト extractLatestArtifactsFromActivities 複数のアクティビティがある場合、最新の diff を返すこと" time="0.000" classname="複数のアクティビティがある場合、最新の diff を返すこと">
    </testcase>
    <testcase name="SessionArtifacts ユニットテスト extractLatestArtifactsFromActivities 空の diff 文字列は無視されること" time="0.000" classname="空の diff 文字列は無視されること">
    </testcase>
    <testcase name="SessionArtifacts ユニットテスト extractLatestArtifactsFromActivities changeSet から files を抽出すること" time="0.000" classname="changeSet から files を抽出すること">
    </testcase>
    <testcase name="SessionArtifacts ユニットテスト extractLatestArtifactsFromActivities changeSet.files が存在しない場合、changes から抽出すること" time="0.000" classname="changeSet.files が存在しない場合、changes から抽出すること">
    </testcase>
    <testcase name="SessionArtifacts ユニットテスト extractLatestArtifactsFromActivities changeSet.entries から抽出すること" time="0.000" classname="changeSet.entries から抽出すること">
    </testcase>
    <testcase name="SessionArtifacts ユニットテスト extractLatestArtifactsFromActivities changeSet.changedFiles から抽出すること" time="0.000" classname="changeSet.changedFiles から抽出すること">
    </testcase>
    <testcase name="SessionArtifacts ユニットテスト extractLatestArtifactsFromActivities null / undefined の artifact を含んでも安全にスキップすること" time="0.000" classname="null / undefined の artifact を含んでも安全にスキップすること">
    </testcase>
    <testcase name="SessionArtifacts ユニットテスト extractLatestArtifactsFromActivities changeSet.paths から抽出すること" time="0.000" classname="changeSet.paths から抽出すること">
    </testcase>
    <testcase name="SessionArtifacts ユニットテスト extractLatestArtifactsFromActivities 文字列配列からファイルパスを抽出すること" time="0.000" classname="文字列配列からファイルパスを抽出すること">
    </testcase>
    <testcase name="SessionArtifacts ユニットテスト extractLatestArtifactsFromActivities path 以外の代替フィールド名（filePath, file, name, filename）からパスを抽出すること" time="0.000" classname="path 以外の代替フィールド名（filePath, file, name, filename）からパスを抽出すること">
    </testcase>
    <testcase name="SessionArtifacts ユニットテスト extractLatestArtifactsFromActivities status 以外の代替フィールド名（action, type）からステータスを抽出すること" time="0.000" classname="status 以外の代替フィールド名（action, type）からステータスを抽出すること">
    </testcase>
    <testcase name="SessionArtifacts ユニットテスト extractLatestArtifactsFromActivities 先頭のスラッシュを削除すること" time="0.000" classname="先頭のスラッシュを削除すること">
    </testcase>
    <testcase name="SessionArtifacts ユニットテスト extractLatestArtifactsFromActivities 重複したパスを除外すること" time="0.000" classname="重複したパスを除外すること">
    </testcase>
    <testcase name="SessionArtifacts ユニットテスト extractLatestArtifactsFromActivities 空文字列やホワイトスペースのみのパスを無視すること" time="0.000" classname="空文字列やホワイトスペースのみのパスを無視すること">
    </testcase>
    <testcase name="SessionArtifacts ユニットテスト extractLatestArtifactsFromActivities changeSet が見つからない場合、フォールバックで diff から抽出すること" time="0.000" classname="changeSet が見つからない場合、フォールバックで diff から抽出すること">
    </testcase>
    <testcase name="SessionArtifacts ユニットテスト extractLatestArtifactsFromActivities diff から複数のファイルを抽出すること" time="0.000" classname="diff から複数のファイルを抽出すること">
    </testcase>
    <testcase name="SessionArtifacts ユニットテスト extractLatestArtifactsFromActivities 引用符で囲まれたスペースを含むパスやエスケープされた文字を抽出すること" time="0.000" classname="引用符で囲まれたスペースを含むパスやエスケープされた文字を抽出すること">
    </testcase>
    <testcase name="SessionArtifacts ユニットテスト extractLatestArtifactsFromActivities 引用符で囲まれた octal escape の Unicode パスを抽出すること" time="0.000" classname="引用符で囲まれた octal escape の Unicode パスを抽出すること">
    </testcase>
    <testcase name="SessionArtifacts ユニットテスト extractLatestArtifactsFromActivities 無効な形式の diff を処理すること" time="0.000" classname="無効な形式の diff を処理すること">
    </testcase>
    <testcase name="SessionArtifacts ユニットテスト extractLatestArtifactsFromActivities 複数の artifacts から最新の changeSet を抽出すること" time="0.000" classname="複数の artifacts から最新の changeSet を抽出すること">
    </testcase>
  </testsuite>
  <testsuite name="updateSessionArtifactsCache" timestamp="2026-04-25T15:48:38" tests="8" file="/Users/hirokimukai/Cloudprojects/jules-extension/out/test/sessionArtifacts.unit.test.js" time="0.002" failures="0">
    <testcase name="SessionArtifacts ユニットテスト updateSessionArtifactsCache キャッシュが空の場合、新しいエントリを追加し true を返すこと" time="0.000" classname="キャッシュが空の場合、新しいエントリを追加し true を返すこと">
    </testcase>
    <testcase name="SessionArtifacts ユニットテスト updateSessionArtifactsCache diff が変更されていない場合、false を返すこと" time="0.000" classname="diff が変更されていない場合、false を返すこと">
    </testcase>
    <testcase name="SessionArtifacts ユニットテスト updateSessionArtifactsCache diff が変更された場合、true を返すこと" time="0.000" classname="diff が変更された場合、true を返すこと">
    </testcase>
    <testcase name="SessionArtifacts ユニットテスト updateSessionArtifactsCache changeSet が変更された場合、true を返すこと" time="0.000" classname="changeSet が変更された場合、true を返すこと">
    </testcase>
    <testcase name="SessionArtifacts ユニットテスト updateSessionArtifactsCache changeSet のファイル順序が異なっても同じとみなすこと" time="0.000" classname="changeSet のファイル順序が異なっても同じとみなすこと">
    </testcase>
    <testcase name="SessionArtifacts ユニットテスト updateSessionArtifactsCache changeSet のファイル数が異なる場合、true を返すこと" time="0.000" classname="changeSet のファイル数が異なる場合、true を返すこと">
    </testcase>
    <testcase name="SessionArtifacts ユニットテスト updateSessionArtifactsCache changeSet のステータスが異なる場合、true を返すこと" time="0.000" classname="changeSet のステータスが異なる場合、true を返すこと">
    </testcase>
    <testcase name="SessionArtifacts ユニットテスト updateSessionArtifactsCache changeSet のファイルが同じでも gitPatch が復元された場合は true を返すこと" time="0.000" classname="changeSet のファイルが同じでも gitPatch が復元された場合は true を返すこと">
    </testcase>
  </testsuite>
  <testsuite name="getCachedSessionArtifacts" timestamp="2026-04-25T15:48:38" tests="2" file="/Users/hirokimukai/Cloudprojects/jules-extension/out/test/sessionArtifacts.unit.test.js" time="0.000" failures="0">
    <testcase name="SessionArtifacts ユニットテスト getCachedSessionArtifacts 存在しないセッション ID の場合、undefined を返すこと" time="0.000" classname="存在しないセッション ID の場合、undefined を返すこと">
    </testcase>
    <testcase name="SessionArtifacts ユニットテスト getCachedSessionArtifacts キャッシュされたセッションの場合、正しい値を返すこと" time="0.000" classname="キャッシュされたセッションの場合、正しい値を返すこと">
    </testcase>
  </testsuite>
  <testsuite name="globalState 永続化" timestamp="2026-04-25T15:48:38" tests="6" file="/Users/hirokimukai/Cloudprojects/jules-extension/out/test/sessionArtifacts.unit.test.js" time="0.003" failures="0">
    <testcase name="SessionArtifacts ユニットテスト globalState 永続化 永続化データからキャッシュを復元できること" time="0.000" classname="永続化データからキャッシュを復元できること">
    </testcase>
    <testcase name="SessionArtifacts ユニットテスト globalState 永続化 TTL超過エントリは復元時に破棄されること" time="0.000" classname="TTL超過エントリは復元時に破棄されること">
    </testcase>
    <testcase name="SessionArtifacts ユニットテスト globalState 永続化 復元時に上限件数を超えたら古いものから落とすこと" time="0.001" classname="復元時に上限件数を超えたら古いものから落とすこと">
    </testcase>
    <testcase name="SessionArtifacts ユニットテスト globalState 永続化 evictOldestArtifactsEntryIfNeeded_new logic should correctly execute firstKey check" time="0.000" classname="evictOldestArtifactsEntryIfNeeded_new logic should correctly execute firstKey check">
    </testcase>
    <testcase name="SessionArtifacts ユニットテスト globalState 永続化 evictOldestArtifactsEntryIfNeeded correctly handles early return and branch coverage" time="0.000" classname="evictOldestArtifactsEntryIfNeeded correctly handles early return and branch coverage">
    </testcase>
    <testcase name="SessionArtifacts ユニットテスト globalState 永続化 大きすぎるdiffは永続化されないこと" time="0.001" classname="大きすぎるdiffは永続化されないこと">
    </testcase>
  </testsuite>
  <testsuite name="fetchLatestSessionArtifacts" timestamp="2026-04-25T15:48:38" tests="6" file="/Users/hirokimukai/Cloudprojects/jules-extension/out/test/sessionArtifacts.unit.test.js" time="0.002" failures="0">
    <testcase name="SessionArtifacts ユニットテスト fetchLatestSessionArtifacts API からアクティビティを取得し、キャッシュに保存すること" time="0.000" classname="API からアクティビティを取得し、キャッシュに保存すること">
    </testcase>
    <testcase name="SessionArtifacts ユニットテスト fetchLatestSessionArtifacts API が失敗した場合、エラーをスローすること" time="0.000" classname="API が失敗した場合、エラーをスローすること">
    </testcase>
    <testcase name="SessionArtifacts ユニットテスト fetchLatestSessionArtifacts API が activities 配列以外を返した場合、エラーをスローすること" time="0.000" classname="API が activities 配列以外を返した場合、エラーをスローすること">
    </testcase>
    <testcase name="SessionArtifacts ユニットテスト fetchLatestSessionArtifacts API が空のオブジェクトを返した場合、正常に処理されること" time="0.000" classname="API が空のオブジェクトを返した場合、正常に処理されること">
    </testcase>
    <testcase name="SessionArtifacts ユニットテスト fetchLatestSessionArtifacts カスタム API ベース URL を使用できること" time="0.000" classname="カスタム API ベース URL を使用できること">
    </testcase>
    <testcase name="SessionArtifacts ユニットテスト fetchLatestSessionArtifacts API キーがヘッダーに正しく設定されること" time="0.000" classname="API キーがヘッダーに正しく設定されること">
    </testcase>
  </testsuite>
  <testsuite name="エッジケースとエラーハンドリング" timestamp="2026-04-25T15:48:38" tests="10" file="/Users/hirokimukai/Cloudprojects/jules-extension/out/test/sessionArtifacts.unit.test.js" time="0.005" failures="0">
    <testcase name="SessionArtifacts ユニットテスト エッジケースとエラーハンドリング ネストされた複雑な構造からもファイルを抽出できること" time="0.000" classname="ネストされた複雑な構造からもファイルを抽出できること">
    </testcase>
    <testcase name="SessionArtifacts ユニットテスト エッジケースとエラーハンドリング 非常に長いファイルパスを処理できること" time="0.000" classname="非常に長いファイルパスを処理できること">
    </testcase>
    <testcase name="SessionArtifacts ユニットテスト エッジケースとエラーハンドリング 特殊文字を含むファイルパスを処理できること" time="0.000" classname="特殊文字を含むファイルパスを処理できること">
    </testcase>
    <testcase name="SessionArtifacts ユニットテスト エッジケースとエラーハンドリング Unicode 文字を含むファイルパスを処理できること" time="0.000" classname="Unicode 文字を含むファイルパスを処理できること">
    </testcase>
    <testcase name="SessionArtifacts ユニットテスト エッジケースとエラーハンドリング 数値型のプロパティを無視すること" time="0.000" classname="数値型のプロパティを無視すること">
    </testcase>
    <testcase name="SessionArtifacts ユニットテスト エッジケースとエラーハンドリング null や undefined のプロパティを無視すること" time="0.000" classname="null や undefined のプロパティを無視すること">
    </testcase>
    <testcase name="SessionArtifacts ユニットテスト エッジケースとエラーハンドリング 空の artifacts 配列を処理できること" time="0.000" classname="空の artifacts 配列を処理できること">
    </testcase>
    <testcase name="SessionArtifacts ユニットテスト エッジケースとエラーハンドリング artifacts が undefined の場合を処理できること" time="0.000" classname="artifacts が undefined の場合を処理できること">
    </testcase>
    <testcase name="SessionArtifacts ユニットテスト エッジケースとエラーハンドリング changeSet が null の場合を処理できること" time="0.000" classname="changeSet が null の場合を処理できること">
    </testcase>
    <testcase name="SessionArtifacts ユニットテスト エッジケースとエラーハンドリング 大量のアクティビティを効率的に処理できること" time="0.001" classname="大量のアクティビティを効率的に処理できること">
    </testcase>
  </testsuite>
  <testsuite name="Performance Optimization" timestamp="2026-04-25T15:48:38" tests="2" file="/Users/hirokimukai/Cloudprojects/jules-extension/out/test/sessionArtifacts.unit.test.js" time="0.000" failures="0">
    <testcase name="SessionArtifacts ユニットテスト Performance Optimization updateTimeが一致する場合、ネットワーク呼び出しをスキップしてキャッシュを返すこと" time="0.000" classname="updateTimeが一致する場合、ネットワーク呼び出しをスキップしてキャッシュを返すこと">
    </testcase>
    <testcase name="SessionArtifacts ユニットテスト Performance Optimization updateTimeが異なる場合、ネットワーク呼び出しを行うこと" time="0.000" classname="updateTimeが異なる場合、ネットワーク呼び出しを行うこと">
    </testcase>
  </testsuite>
  <testsuite name="Performance Optimization (Fetch Strategy)" timestamp="2026-04-25T15:48:38" tests="4" file="/Users/hirokimukai/Cloudprojects/jules-extension/out/test/sessionArtifacts.unit.test.js" time="0.002" failures="0">
    <testcase name="SessionArtifacts ユニットテスト Performance Optimization (Fetch Strategy) 最適化フェッチが成功（降順）した場合、フォールバックせずに返却すること" time="0.000" classname="最適化フェッチが成功（降順）した場合、フォールバックせずに返却すること">
    </testcase>
    <testcase name="SessionArtifacts ユニットテスト Performance Optimization (Fetch Strategy) 最適化フェッチが昇順（古い順）で返ってきた場合、フォールバックすること" time="0.000" classname="最適化フェッチが昇順（古い順）で返ってきた場合、フォールバックすること">
    </testcase>
    <testcase name="SessionArtifacts ユニットテスト Performance Optimization (Fetch Strategy) 最適化フェッチでアーティファクトが見つからない場合、フォールバックすること" time="0.000" classname="最適化フェッチでアーティファクトが見つからない場合、フォールバックすること">
    </testcase>
    <testcase name="SessionArtifacts ユニットテスト Performance Optimization (Fetch Strategy) 最適化フェッチがエラーの場合、フォールバックすること" time="0.000" classname="最適化フェッチがエラーの場合、フォールバックすること">
    </testcase>
  </testsuite>
  <testsuite name="Phase 5-2: ChangeSetSummary extraction of baseCommitId and suggestedCommitMessage" timestamp="2026-04-25T15:48:38" tests="4" file="/Users/hirokimukai/Cloudprojects/jules-extension/out/test/sessionArtifacts.unit.test.js" time="0.000" failures="0">
    <testcase name="SessionArtifacts ユニットテスト Phase 5-2: ChangeSetSummary extraction of baseCommitId and suggestedCommitMessage extractLatestArtifactsFromActivities extracts baseCommitId and suggestedCommitMessage" time="0.000" classname="extractLatestArtifactsFromActivities extracts baseCommitId and suggestedCommitMessage">
    </testcase>
    <testcase name="SessionArtifacts ユニットテスト Phase 5-2: ChangeSetSummary extraction of baseCommitId and suggestedCommitMessage gitPatch itself is missing" time="0.000" classname="gitPatch itself is missing">
    </testcase>
    <testcase name="SessionArtifacts ユニットテスト Phase 5-2: ChangeSetSummary extraction of baseCommitId and suggestedCommitMessage baseCommitId と suggestedCommitMessage が文字列でない場合は無視すること" time="0.000" classname="baseCommitId と suggestedCommitMessage が文字列でない場合は無視すること">
    </testcase>
    <testcase name="SessionArtifacts ユニットテスト Phase 5-2: ChangeSetSummary extraction of baseCommitId and suggestedCommitMessage old cache format (re-extracted from raw)" time="0.000" classname="old cache format (re-extracted from raw)">
    </testcase>
  </testsuite>
  <testsuite name="sessionContextMenu Test Suite" timestamp="2026-04-25T15:48:38" tests="0" file="/Users/hirokimukai/Cloudprojects/jules-extension/out/test/sessionContextMenu.unit.test.js" time="0.000" failures="0">
  </testsuite>
  <testsuite name="getBranchNameForSession" timestamp="2026-04-25T15:48:38" tests="8" file="/Users/hirokimukai/Cloudprojects/jules-extension/out/test/sessionContextMenu.unit.test.js" time="0.001" failures="0">
    <testcase name="sessionContextMenu Test Suite getBranchNameForSession should return branch name when sourceContext.githubRepoContext.startingBranch is present" time="0.001" classname="should return branch name when sourceContext.githubRepoContext.startingBranch is present">
    </testcase>
    <testcase name="sessionContextMenu Test Suite getBranchNameForSession should trim whitespace from branch name" time="0.000" classname="should trim whitespace from branch name">
    </testcase>
    <testcase name="sessionContextMenu Test Suite getBranchNameForSession should return null when sourceContext is undefined" time="0.000" classname="should return null when sourceContext is undefined">
    </testcase>
    <testcase name="sessionContextMenu Test Suite getBranchNameForSession should return null when githubRepoContext is undefined" time="0.000" classname="should return null when githubRepoContext is undefined">
    </testcase>
    <testcase name="sessionContextMenu Test Suite getBranchNameForSession should return null when startingBranch is undefined" time="0.000" classname="should return null when startingBranch is undefined">
    </testcase>
    <testcase name="sessionContextMenu Test Suite getBranchNameForSession should return null when startingBranch is empty string" time="0.000" classname="should return null when startingBranch is empty string">
    </testcase>
    <testcase name="sessionContextMenu Test Suite getBranchNameForSession should return null when startingBranch is only whitespace" time="0.000" classname="should return null when startingBranch is only whitespace">
    </testcase>
    <testcase name="sessionContextMenu Test Suite getBranchNameForSession should handle various branch name formats" time="0.000" classname="should handle various branch name formats">
    </testcase>
  </testsuite>
  <testsuite name="parsePullRequestUrl" timestamp="2026-04-25T15:48:38" tests="9" file="/Users/hirokimukai/Cloudprojects/jules-extension/out/test/sessionContextMenu.unit.test.js" time="0.002" failures="0">
    <testcase name="sessionContextMenu Test Suite parsePullRequestUrl should parse valid GitHub PR URL" time="0.001" classname="should parse valid GitHub PR URL">
    </testcase>
    <testcase name="sessionContextMenu Test Suite parsePullRequestUrl should parse PR URL with trailing segments" time="0.000" classname="should parse PR URL with trailing segments">
    </testcase>
    <testcase name="sessionContextMenu Test Suite parsePullRequestUrl should return null for non-GitHub URL" time="0.000" classname="should return null for non-GitHub URL">
    </testcase>
    <testcase name="sessionContextMenu Test Suite parsePullRequestUrl should return null for invalid URL format" time="0.000" classname="should return null for invalid URL format">
    </testcase>
    <testcase name="sessionContextMenu Test Suite parsePullRequestUrl should return null for GitHub URL without pull path" time="0.000" classname="should return null for GitHub URL without pull path">
    </testcase>
    <testcase name="sessionContextMenu Test Suite parsePullRequestUrl should return null for GitHub issue URL (not PR)" time="0.000" classname="should return null for GitHub issue URL (not PR)">
    </testcase>
    <testcase name="sessionContextMenu Test Suite parsePullRequestUrl should return null for invalid PR number" time="0.000" classname="should return null for invalid PR number">
    </testcase>
    <testcase name="sessionContextMenu Test Suite parsePullRequestUrl should return null for zero PR number" time="0.000" classname="should return null for zero PR number">
    </testcase>
    <testcase name="sessionContextMenu Test Suite parsePullRequestUrl should return null for negative PR number" time="0.000" classname="should return null for negative PR number">
    </testcase>
  </testsuite>
  <testsuite name="getPullRequestUrlForSession (Session fallback scenarios)" timestamp="2026-04-25T15:48:38" tests="14" file="/Users/hirokimukai/Cloudprojects/jules-extension/out/test/sessionContextMenu.unit.test.js" time="0.001" failures="0">
    <testcase name="sessionContextMenu Test Suite getPullRequestUrlForSession (Session fallback scenarios) should return null when session is null or undefined" time="0.000" classname="should return null when session is null or undefined">
    </testcase>
    <testcase name="sessionContextMenu Test Suite getPullRequestUrlForSession (Session fallback scenarios) should return null for non-object inputs without throwing" time="0.000" classname="should return null for non-object inputs without throwing">
    </testcase>
    <testcase name="sessionContextMenu Test Suite getPullRequestUrlForSession (Session fallback scenarios) should cache and return the same result on subsequent calls" time="0.000" classname="should cache and return the same result on subsequent calls">
    </testcase>
    <testcase name="sessionContextMenu Test Suite getPullRequestUrlForSession (Session fallback scenarios) should not cache null results when session data becomes available later" time="0.000" classname="should not cache null results when session data becomes available later">
    </testcase>
    <testcase name="sessionContextMenu Test Suite getPullRequestUrlForSession (Session fallback scenarios) should handle exception during PR URL extraction and return null" time="0.000" classname="should handle exception during PR URL extraction and return null">
    </testcase>
    <testcase name="sessionContextMenu Test Suite getPullRequestUrlForSession (Session fallback scenarios) should return null when session has no outputs" time="0.000" classname="should return null when session has no outputs">
    </testcase>
    <testcase name="sessionContextMenu Test Suite getPullRequestUrlForSession (Session fallback scenarios) should return null when outputs array is empty" time="0.000" classname="should return null when outputs array is empty">
    </testcase>
    <testcase name="sessionContextMenu Test Suite getPullRequestUrlForSession (Session fallback scenarios) should return null when outputs have no pullRequest" time="0.000" classname="should return null when outputs have no pullRequest">
    </testcase>
    <testcase name="sessionContextMenu Test Suite getPullRequestUrlForSession (Session fallback scenarios) should return canonical URL when pullRequest has valid URL" time="0.000" classname="should return canonical URL when pullRequest has valid URL">
    </testcase>
    <testcase name="sessionContextMenu Test Suite getPullRequestUrlForSession (Session fallback scenarios) should return null for pullRequest with invalid URL" time="0.000" classname="should return null for pullRequest with invalid URL">
    </testcase>
    <testcase name="sessionContextMenu Test Suite getPullRequestUrlForSession (Session fallback scenarios) should return null for pullRequest with non-https URL" time="0.000" classname="should return null for pullRequest with non-https URL">
    </testcase>
    <testcase name="sessionContextMenu Test Suite getPullRequestUrlForSession (Session fallback scenarios) should return null for pullRequest with non-GitHub URL" time="0.000" classname="should return null for pullRequest with non-GitHub URL">
    </testcase>
    <testcase name="sessionContextMenu Test Suite getPullRequestUrlForSession (Session fallback scenarios) should strip query string from PR URL" time="0.000" classname="should strip query string from PR URL">
    </testcase>
    <testcase name="sessionContextMenu Test Suite getPullRequestUrlForSession (Session fallback scenarios) should find pullRequest in outputs array with multiple items" time="0.000" classname="should find pullRequest in outputs array with multiple items">
    </testcase>
  </testsuite>
  <testsuite name="Fallback Behavior Integration Tests" timestamp="2026-04-25T15:48:38" tests="3" file="/Users/hirokimukai/Cloudprojects/jules-extension/out/test/sessionContextMenu.unit.test.js" time="0.001" failures="0">
    <testcase name="sessionContextMenu Test Suite Fallback Behavior Integration Tests getBranchNameForSession provides fallback when no PR URL available" time="0.000" classname="getBranchNameForSession provides fallback when no PR URL available">
    </testcase>
    <testcase name="sessionContextMenu Test Suite Fallback Behavior Integration Tests getBranchNameForSession returns null when fallback is also unavailable" time="0.000" classname="getBranchNameForSession returns null when fallback is also unavailable">
    </testcase>
    <testcase name="sessionContextMenu Test Suite Fallback Behavior Integration Tests session with both PR and branch info should allow either path" time="0.000" classname="session with both PR and branch info should allow either path">
    </testcase>
  </testsuite>
  <testsuite name="Session Context Menu Artifacts Security Suite" timestamp="2026-04-25T15:48:38" tests="5" file="/Users/hirokimukai/Cloudprojects/jules-extension/out/test/sessionContextMenuArtifacts.unit.test.js" time="0.003" failures="0">
    <testcase name="Session Context Menu Artifacts Security Suite should reject absolute paths" time="0.000" classname="should reject absolute paths">
    </testcase>
    <testcase name="Session Context Menu Artifacts Security Suite should reject path traversal attempts that go outside workspace" time="0.000" classname="should reject path traversal attempts that go outside workspace">
    </testcase>
    <testcase name="Session Context Menu Artifacts Security Suite should allow valid paths within workspace" time="0.000" classname="should allow valid paths within workspace">
    </testcase>
    <testcase name="Session Context Menu Artifacts Security Suite should handle missing files gracefully" time="0.000" classname="should handle missing files gracefully">
    </testcase>
    <testcase name="Session Context Menu Artifacts Security Suite should check multiple workspace folders" time="0.001" classname="should check multiple workspace folders">
    </testcase>
  </testsuite>
  <testsuite name="JulesDiffDocumentProvider" timestamp="2026-04-25T15:48:38" tests="8" file="/Users/hirokimukai/Cloudprojects/jules-extension/out/test/sessionContextMenuArtifacts.unit.test.js" time="0.005" failures="0">
    <testcase name="JulesDiffDocumentProvider should return empty string for unknown URI" time="0.000" classname="should return empty string for unknown URI">
    </testcase>
    <testcase name="JulesDiffDocumentProvider should store and retrieve content for URI" time="0.000" classname="should store and retrieve content for URI">
    </testcase>
    <testcase name="JulesDiffDocumentProvider should build correct URI for before patch" time="0.000" classname="should build correct URI for before patch">
    </testcase>
    <testcase name="JulesDiffDocumentProvider should build correct URI for after patch" time="0.000" classname="should build correct URI for after patch">
    </testcase>
    <testcase name="JulesDiffDocumentProvider should normalize session ID by removing &apos;sessions/&apos; prefix" time="0.000" classname="should normalize session ID by removing &apos;sessions/&apos; prefix">
    </testcase>
    <testcase name="JulesDiffDocumentProvider should handle session ID without &apos;sessions/&apos; prefix" time="0.000" classname="should handle session ID without &apos;sessions/&apos; prefix">
    </testcase>
    <testcase name="JulesDiffDocumentProvider should maintain separate content for different URIs" time="0.000" classname="should maintain separate content for different URIs">
    </testcase>
    <testcase name="JulesDiffDocumentProvider should overwrite existing content" time="0.000" classname="should overwrite existing content">
    </testcase>
  </testsuite>
  <testsuite name="sessionUtils Test Suite" timestamp="2026-04-25T15:48:38" tests="4" file="/Users/hirokimukai/Cloudprojects/jules-extension/out/test/sessionUtils.unit.test.js" time="0.004" failures="0">
    <testcase name="sessionUtils Test Suite createJulesSession succeeds when valid response is returned" time="0.001" classname="createJulesSession succeeds when valid response is returned">
    </testcase>
    <testcase name="sessionUtils Test Suite createJulesSession throws error when response is not ok" time="0.000" classname="createJulesSession throws error when response is not ok">
    </testcase>
    <testcase name="sessionUtils Test Suite sendMessage succeeds when API returns OK" time="0.001" classname="sendMessage succeeds when API returns OK">
    </testcase>
    <testcase name="sessionUtils Test Suite sendMessage throws error when API fails" time="0.000" classname="sendMessage throws error when API fails">
    </testcase>
  </testsuite>
  <testsuite name="tooltipUtils Unit Tests" timestamp="2026-04-25T15:48:38" tests="0" file="/Users/hirokimukai/Cloudprojects/jules-extension/out/test/tooltipUtils.unit.test.js" time="0.000" failures="0">
  </testsuite>
  <testsuite name="privacy helpers" timestamp="2026-04-25T15:48:38" tests="2" file="/Users/hirokimukai/Cloudprojects/jules-extension/out/test/tooltipUtils.unit.test.js" time="0.000" failures="0">
    <testcase name="tooltipUtils Unit Tests privacy helpers getPrivacyIcon returns expected icon" time="0.000" classname="getPrivacyIcon returns expected icon">
    </testcase>
    <testcase name="tooltipUtils Unit Tests privacy helpers getPrivacyStatusText returns expected text" time="0.000" classname="getPrivacyStatusText returns expected text">
    </testcase>
  </testsuite>
  <testsuite name="state description helper" timestamp="2026-04-25T15:48:38" tests="1" file="/Users/hirokimukai/Cloudprojects/jules-extension/out/test/tooltipUtils.unit.test.js" time="0.000" failures="0">
    <testcase name="tooltipUtils Unit Tests state description helper getStateDescription returns known and unknown mappings" time="0.000" classname="getStateDescription returns known and unknown mappings">
    </testcase>
  </testsuite>
  <testsuite name="buildSessionTooltip" timestamp="2026-04-25T15:48:38" tests="4" file="/Users/hirokimukai/Cloudprojects/jules-extension/out/test/tooltipUtils.unit.test.js" time="0.001" failures="0">
    <testcase name="tooltipUtils Unit Tests buildSessionTooltip builds minimal tooltip and falls back to session name when title is missing" time="0.000" classname="builds minimal tooltip and falls back to session name when title is missing">
    </testcase>
    <testcase name="tooltipUtils Unit Tests buildSessionTooltip renders detailed tooltip with de-duplicated PRs, artifacts, source info, timestamps, and failure reason" time="0.001" classname="renders detailed tooltip with de-duplicated PRs, artifacts, source info, timestamps, and failure reason">
    </testcase>
    <testcase name="tooltipUtils Unit Tests buildSessionTooltip renders diff-only artifacts when only hasDiff is true" time="0.000" classname="renders diff-only artifacts when only hasDiff is true">
    </testcase>
    <testcase name="tooltipUtils Unit Tests buildSessionTooltip renders manual and custom automation modes plus public source formatting" time="0.000" classname="renders manual and custom automation modes plus public source formatting">
    </testcase>
  </testsuite>
  <testsuite name="Types Test Suite" timestamp="2026-04-25T15:48:38" tests="0" file="/Users/hirokimukai/Cloudprojects/jules-extension/out/test/types.unit.test.js" time="0.000" failures="0">
  </testsuite>
  <testsuite name="Source Type" timestamp="2026-04-25T15:48:38" tests="4" file="/Users/hirokimukai/Cloudprojects/jules-extension/out/test/types.unit.test.js" time="0.001" failures="0">
    <testcase name="Types Test Suite Source Type should accept isPrivate field as true" time="0.000" classname="should accept isPrivate field as true">
    </testcase>
    <testcase name="Types Test Suite Source Type should accept isPrivate field as false" time="0.001" classname="should accept isPrivate field as false">
    </testcase>
    <testcase name="Types Test Suite Source Type should accept Source without isPrivate field (optional)" time="0.000" classname="should accept Source without isPrivate field (optional)">
    </testcase>
    <testcase name="Types Test Suite Source Type should work with all Source fields" time="0.000" classname="should work with all Source fields">
    </testcase>
  </testsuite>
</testsuites>